GCP Architecture
================

Deploy a Compute Instance with a Remote Startup Script

image::https://cdn.qwiklabs.com/GMOHykaqmlTHiqEeQXTySaMXYPHeIvaqa2qHEzw6Occ%3D[Google Cloud Self-Paced Labs]

**Keywords:** _Serial Console_, _startup-script-url_

Create a storage bucket for startup scripts
-------------------------------------------

[source.console]
----
$ cat resources-install-web.sh
#!/bin/bash
VALUE_OF_FOO=$(curl http://metadata.google.internal/computeMetadata/v1/instance/attributes/foo -H "Metadata-Flavor: Google")
apt-get update
apt-get install -y apache2
cat <<EOF > /var/www/html/index.html
<html><body><h1>Hello World</h1>
<p>This page was created from a simple startup script!</p>
<p>The value of foo: $VALUE_OF_FOO</p>
</body></html>
EOF

$ gsutil mb gs://gcp-making-bucket/
Creating gs://gcp-making-bucket/...

$ gsutil cp resources-install-web.sh gs://gcp-making-bucket/
Copying file://resources-install-web.sh [Content-Type=text/x-sh]...
- [1 files][   54.0 B/   54.0 B]
Operation completed over 1 objects/54.0 B.

$ gsutil acl ch -u AllUsers:R gs://gcp-making-bucket/resources-install-web.sh
Updated ACL on gs://gcp-making-bucket/resources-install-web.sh
----

Create a virtual machine that runs a startup script from cloud storage
----------------------------------------------------------------------

In custom metadata, add item:

**startup-script-url** = **gs://gcp-making-bucket/resources-install-web.sh**

then create VM in Compute Engine.

In **Serial Console**, look for the startup events generated by the executed startup script.

[source.console]
----
Serial port 1 (console) output for apache2
 SeaBIOS (version 1.8.2-20190620_103534-google)
Total RAM Size = 0x00000000f0000000 = 3840 MiB
CPUs found: 1     Max CPUs supported: 1
found virtio-scsi at 0:3
virtio-scsi vendor='Google' product='PersistentDisk' rev='1' type=0 removable=0
virtio-scsi blksize=512 sectors=20971520 = 10240 MiB
drive 0x000f2740: PCHS=0/0/0 translation=lba LCHS=1024/255/63 s=20971520
Booting from Hard Disk 0...
[    0.000000] Linux version 4.9.0-9-amd64 (debian-kernel@lists.debian.org) (gcc version 6.3.0 20170516 (Debian 6.3.0-18+deb9u1) ) #1 SMP Debian 4.9.168-1+deb9u3 (2019-06-16)
[    0.000000] Command line: BOOT_IMAGE=/boot/vmlinuz-4.9.0-9-amd64 root=UUID=ee6ea394-7ac2-4959-a423-3ec8bddda3df ro console=ttyS0,38400n8 elevator=noop scsi_mod.use_blk_mq=Y net.ifnames=0 biosdevname=0
[    0.000000] x86/fpu: Supporting XSAVE feature 0x001: 'x87 floating point registers'
[    0.000000] x86/fpu: Supporting XSAVE feature 0x002: 'SSE registers'
[    0.000000] x86/fpu: Supporting XSAVE feature 0x004: 'AVX registers'
[    0.000000] x86/fpu: xstate_offset[2]:  576, xstate_sizes[2]:  256
[    0.000000] x86/fpu: Enabled xstate features 0x7, context size is 832 bytes, using 'standard' format.
[    0.000000] e820: BIOS-provided physical RAM map:
[    0.000000] BIOS-e820: [mem 0x0000000000000000-0x000000000009fbff] usable
[    0.000000] BIOS-e820: [mem 0x000000000009fc00-0x000000000009ffff] reserved
[    0.000000] BIOS-e820: [mem 0x00000000000f0000-0x00000000000fffff] reserved
[    0.000000] BIOS-e820: [mem 0x0000000000100000-0x00000000bfffcfff] usable
[    0.000000] BIOS-e820: [mem 0x00000000bfffd000-0x00000000bfffffff] reserved
[    0.000000] BIOS-e820: [mem 0x00000000fffbc000-0x00000000ffffffff] reserved
[    0.000000] BIOS-e820: [mem 0x0000000100000000-0x000000012fffffff] usable
[    0.000000] NX (Execute Disable) protection: active
[    0.000000] SMBIOS 2.4 present.
[    0.000000] Hypervisor detected: KVM
[    0.000000] e820: last_pfn = 0x130000 max_arch_pfn = 0x400000000
[    0.000000] x86/PAT: Configuration [0-7]: WB  WC  UC- UC  WB  WC  UC- WT
[    0.000000] e820: last_pfn = 0xbfffd max_arch_pfn = 0x400000000
[    0.000000] found SMP MP-table at [mem 0x000f29c0-0x000f29cf] mapped at [ffff9d7c800f29c0]
[    0.000000] Using GB pages for direct mapping
[    0.000000] RAMDISK: [mem 0x35d4f000-0x36e9efff]
[    0.000000] ACPI: Early table checksum verification disabled
[    0.000000] ACPI: RSDP 0x00000000000F2780 000014 (v00 Google)
[    0.000000] ACPI: RSDT 0x00000000BFFFDAC0 000038 (v01 Google GOOGRSDT 00000001 GOOG 00000001)
[    0.000000] ACPI: FACP 0x00000000BFFFFF00 0000F4 (v02 Google GOOGFACP 00000001 GOOG 00000001)
[    0.000000] ACPI: DSDT 0x00000000BFFFDB00 0018BA (v01 Google GOOGDSDT 00000001 GOOG 00000001)
[    0.000000] ACPI: FACS 0x00000000BFFFFEC0 000040
[    0.000000] ACPI: FACS 0x00000000BFFFFEC0 000040
[    0.000000] ACPI: SSDT 0x00000000BFFFF5A0 00091F (v01 Google GOOGSSDT 00000001 GOOG 00000001)
[    0.000000] ACPI: APIC 0x00000000BFFFF4B0 00006E (v01 Google GOOGAPIC 00000001 GOOG 00000001)
[    0.000000] ACPI: WAET 0x00000000BFFFF480 000028 (v01 Google GOOGWAET 00000001 GOOG 00000001)
[    0.000000] ACPI: SRAT 0x00000000BFFFF3C0 0000B8 (v01 Google GOOGSRAT 00000001 GOOG 00000001)
[    0.000000] SRAT: PXM 0 -> APIC 0x00 -> Node 0
[    0.000000] ACPI: SRAT: Node 0 PXM 0 [mem 0x00000000-0x0009ffff]
[    0.000000] ACPI: SRAT: Node 0 PXM 0 [mem 0x00100000-0xbfffffff]
[    0.000000] ACPI: SRAT: Node 0 PXM 0 [mem 0x100000000-0x12fffffff]
[    0.000000] NUMA: Node 0 [mem 0x00000000-0x0009ffff] + [mem 0x00100000-0xbfffffff] -> [mem 0x00000000-0xbfffffff]
[    0.000000] NUMA: Node 0 [mem 0x00000000-0xbfffffff] + [mem 0x100000000-0x12fffffff] -> [mem 0x00000000-0x12fffffff]
[    0.000000] NODE_DATA(0) allocated [mem 0x12fff9000-0x12fffdfff]
[    0.000000] kvm-clock: Using msrs 4b564d01 and 4b564d00
[    0.000000] kvm-clock: cpu 0, msr 1:2fff1001, primary cpu clock
[    0.000000] kvm-clock: using sched offset of 1613278340 cycles
[    0.000000] clocksource: kvm-clock: mask: 0xffffffffffffffff max_cycles: 0x1cd42e4dffb, max_idle_ns: 881590591483 ns
[    0.000000] Zone ranges:
[    0.000000]   DMA      [mem 0x0000000000001000-0x0000000000ffffff]
[    0.000000]   DMA32    [mem 0x0000000001000000-0x00000000ffffffff]
[    0.000000]   Normal   [mem 0x0000000100000000-0x000000012fffffff]
[    0.000000]   Device   empty
[    0.000000] Movable zone start for each node
[    0.000000] Early memory node ranges
[    0.000000]   node   0: [mem 0x0000000000001000-0x000000000009efff]
[    0.000000]   node   0: [mem 0x0000000000100000-0x00000000bfffcfff]
[    0.000000]   node   0: [mem 0x0000000100000000-0x000000012fffffff]
[    0.000000] Initmem setup node 0 [mem 0x0000000000001000-0x000000012fffffff]
[    0.000000] ACPI: PM-Timer IO Port: 0xb008
[    0.000000] ACPI: LAPIC_NMI (acpi_id[0xff] dfl dfl lint[0x1])
[    0.000000] IOAPIC[0]: apic_id 0, version 17, address 0xfec00000, GSI 0-23
[    0.000000] ACPI: INT_SRC_OVR (bus 0 bus_irq 5 global_irq 5 high level)
[    0.000000] ACPI: INT_SRC_OVR (bus 0 bus_irq 9 global_irq 9 high level)
[    0.000000] ACPI: INT_SRC_OVR (bus 0 bus_irq 10 global_irq 10 high level)
[    0.000000] ACPI: INT_SRC_OVR (bus 0 bus_irq 11 global_irq 11 high level)
[    0.000000] Using ACPI (MADT) for SMP configuration information
[    0.000000] smpboot: Allowing 1 CPUs, 0 hotplug CPUs
[    0.000000] PM: Registered nosave memory: [mem 0x00000000-0x00000fff]
[    0.000000] PM: Registered nosave memory: [mem 0x0009f000-0x0009ffff]
[    0.000000] PM: Registered nosave memory: [mem 0x000a0000-0x000effff]
[    0.000000] PM: Registered nosave memory: [mem 0x000f0000-0x000fffff]
[    0.000000] PM: Registered nosave memory: [mem 0xbfffd000-0xbfffffff]
[    0.000000] PM: Registered nosave memory: [mem 0xc0000000-0xfffbbfff]
[    0.000000] PM: Registered nosave memory: [mem 0xfffbc000-0xffffffff]
[    0.000000] e820: [mem 0xc0000000-0xfffbbfff] available for PCI devices
[    0.000000] Booting paravirtualized kernel on KVM
[    0.000000] clocksource: refined-jiffies: mask: 0xffffffff max_cycles: 0xffffffff, max_idle_ns: 7645519600211568 ns
[    0.000000] setup_percpu: NR_CPUS:512 nr_cpumask_bits:512 nr_cpu_ids:1 nr_node_ids:1
[    0.000000] percpu: Embedded 35 pages/cpu @ffff9d7dafc00000 s105304 r8192 d29864 u2097152
[    0.000000] Built 1 zonelists in Node order, mobility grouping on.  Total pages: 967558
[    0.000000] Policy zone: Normal
[    0.000000] Kernel command line: BOOT_IMAGE=/boot/vmlinuz-4.9.0-9-amd64 root=UUID=ee6ea394-7ac2-4959-a423-3ec8bddda3df ro console=ttyS0,38400n8 elevator=noop scsi_mod.use_blk_mq=Y net.ifnames=0 biosdevname=0
[    0.000000] PID hash table entries: 4096 (order: 3, 32768 bytes)
[    0.000000] Memory: 3770676K/3931756K available (6273K kernel code, 1162K rwdata, 2876K rodata, 1424K init, 656K bss, 161080K reserved, 0K cma-reserved)
[    0.000000] Kernel/User page tables isolation: enabled
[    0.000000] Hierarchical RCU implementation.
[    0.000000] 	Build-time adjustment of leaf fanout to 64.
[    0.000000] 	RCU restricting CPUs from NR_CPUS=512 to nr_cpu_ids=1.
[    0.000000] RCU: Adjusting geometry for rcu_fanout_leaf=64, nr_cpu_ids=1
[    0.000000] NR_IRQS:33024 nr_irqs:256 16
[    0.000000] Console: colour VGA+ 80x25
[    0.000000] console [ttyS0] enabled
[    0.000000] tsc: Detected 2300.000 MHz processor
[    0.170637] Calibrating delay loop (skipped) preset value.. 4600.00 BogoMIPS (lpj=9200000)
[    0.171897] pid_max: default: 32768 minimum: 301
[    0.172599] ACPI: Core revision 20160831
[    0.174374] ACPI: 2 ACPI AML tables successfully acquired and loaded
[    0.175419] Security Framework initialized
[    0.176027] Yama: disabled by default; enable with sysctl kernel.yama.*
[    0.176978] AppArmor: AppArmor disabled by boot time parameter
[    0.178775] Dentry cache hash table entries: 524288 (order: 10, 4194304 bytes)
[    0.181937] Inode-cache hash table entries: 262144 (order: 9, 2097152 bytes)
[    0.183457] Mount-cache hash table entries: 8192 (order: 4, 65536 bytes)
[    0.184555] Mountpoint-cache hash table entries: 8192 (order: 4, 65536 bytes)
[    0.186744] mce: CPU supports 32 MCE banks
[    0.187624] Last level iTLB entries: 4KB 1024, 2MB 1024, 4MB 1024
[    0.188573] Last level dTLB entries: 4KB 1024, 2MB 1024, 4MB 1024, 1GB 4
[    0.189619] Spectre V2 : Mitigation: Full generic retpoline
[    0.190686] Spectre V2 : Spectre v2 / SpectreRSB mitigation: Filling RSB on context switch
[    0.191978] Spectre V2 : Enabling Restricted Speculation for firmware calls
[    0.192940] Spectre V2 : mitigation: Enabling conditional Indirect Branch Prediction Barrier
[    0.195032] Speculative Store Bypass: Mitigation: Speculative Store Bypass disabled via prctl and seccomp
[    0.196518] MDS: Mitigation: Clear CPU buffers
[    0.220845] Freeing SMP alternatives memory: 24K
[    0.229364] ftrace: allocating 25319 entries in 99 pages
[    0.281188] smpboot: Max logical packages: 1
[    0.282499] x2apic enabled
[    0.284050] Switched APIC routing to physical x2apic.
[    0.287666] ..TIMER: vector=0x30 apic1=0 pin1=0 apic2=-1 pin2=-1
[    0.393834] smpboot: CPU0: Intel(R) Xeon(R) CPU @ 2.30GHz (family: 0x6, model: 0x3f, stepping: 0x0)
[    0.395640] Performance Events: unsupported p6 CPU model 63 no PMU driver, software events only.
[    0.398200] x86: Booted up 1 node, 1 CPUs
[    0.398986] smpboot: Total of 1 processors activated (4600.00 BogoMIPS)
[    0.401058] devtmpfs: initialized
[    0.401709] x86/mm: Memory block size: 128MB
[    0.404721] clocksource: jiffies: mask: 0xffffffff max_cycles: 0xffffffff, max_idle_ns: 7645041785100000 ns
[    0.406300] futex hash table entries: 256 (order: 2, 16384 bytes)
[    0.407424] pinctrl core: initialized pinctrl subsystem
[    0.408510] NET: Registered protocol family 16
[    0.409408] cpuidle: using governor ladder
[    0.410111] cpuidle: using governor menu
[    0.410699] ACPI: bus type PCI registered
[    0.411404] acpiphp: ACPI Hot Plug PCI Controller Driver version: 0.5
[    0.412591] PCI: Using configuration type 1 for base access
[    0.414230] HugeTLB registered 1 GB page size, pre-allocated 0 pages
[    0.415426] HugeTLB registered 2 MB page size, pre-allocated 0 pages
[    0.416731] ACPI: Added _OSI(Module Device)
[    0.417610] ACPI: Added _OSI(Processor Device)
[    0.418333] ACPI: Added _OSI(3.0 _SCP Extensions)
[    0.419248] ACPI: Added _OSI(Processor Aggregator Device)
[    0.420819] ACPI: Executed 2 blocks of module-level executable AML code
[    0.423146] ACPI: Interpreter enabled
[    0.423694] ACPI: (supports S0 S3 S4 S5)
[    0.424453] ACPI: Using IOAPIC for interrupt routing
[    0.425502] PCI: Using host bridge windows from ACPI; if necessary, use "pci=nocrs" and report a bug
[    0.430161] ACPI: PCI Root Bridge [PCI0] (domain 0000 [bus 00-ff])
[    0.431111] acpi PNP0A03:00: _OSC: OS supports [ASPM ClockPM Segments MSI]
[    0.432124] acpi PNP0A03:00: _OSC failed (AE_NOT_FOUND); disabling ASPM
[    0.433279] acpi PNP0A03:00: fail to add MMCONFIG information, can't access extended PCI configuration space under this bridge.
[    0.435927] PCI host bridge to bus 0000:00
[    0.436792] pci_bus 0000:00: root bus resource [io  0x0000-0x0cf7 window]
[    0.437804] pci_bus 0000:00: root bus resource [io  0x0d00-0xffff window]
[    0.439197] pci_bus 0000:00: root bus resource [mem 0x000a0000-0x000bffff window]
[    0.440940] pci_bus 0000:00: root bus resource [mem 0xc0000000-0xfebfffff window]
[    0.442080] pci_bus 0000:00: root bus resource [bus 00-ff]
[    0.467537] pci 0000:00:01.3: quirk: [io  0xb000-0xb03f] claimed by PIIX4 ACPI
[    0.513192] ACPI: PCI Interrupt Link [LNKA] (IRQs 5 *10 11)
[    0.515725] ACPI: PCI Interrupt Link [LNKB] (IRQs 5 *10 11)
[    0.518114] ACPI: PCI Interrupt Link [LNKC] (IRQs 5 10 *11)
[    0.520114] ACPI: PCI Interrupt Link [LNKD] (IRQs 5 10 *11)
[    0.522157] ACPI: PCI Interrupt Link [LNKS] (IRQs *9)
[    0.523708] ACPI: Enabled 16 GPEs in block 00 to 0F
[    0.524952] vgaarb: loaded
[    0.525583] PCI: Using ACPI for IRQ routing
[    0.526586] clocksource: Switched to clocksource kvm-clock
[    0.535526] VFS: Disk quotas dquot_6.6.0
[    0.536298] VFS: Dquot-cache hash table entries: 512 (order 0, 4096 bytes)
[    0.537631] pnp: PnP ACPI init
[    0.538649] pnp: PnP ACPI: found 7 devices
[    0.545016] clocksource: acpi_pm: mask: 0xffffff max_cycles: 0xffffff, max_idle_ns: 2085701024 ns
[    0.546508] NET: Registered protocol family 2
[    0.547416] TCP established hash table entries: 32768 (order: 6, 262144 bytes)
[    0.548628] TCP bind hash table entries: 32768 (order: 7, 524288 bytes)
[    0.549683] TCP: Hash tables configured (established 32768 bind 32768)
[    0.550908] UDP hash table entries: 2048 (order: 4, 65536 bytes)
[    0.551997] UDP-Lite hash table entries: 2048 (order: 4, 65536 bytes)
[    0.553039] NET: Registered protocol family 1
[    0.553705] pci 0000:00:00.0: Limiting direct PCI/PCI transfers
[    0.554812] Unpacking initramfs...
[    0.856950] Freeing initrd memory: 17728K
[    0.859423] PCI-DMA: Using software bounce buffering for IO (SWIOTLB)
[    0.860531] software IO TLB: mapped [mem 0xbbffd000-0xbfffd000] (64MB)
[    0.861829] audit: initializing netlink subsys (disabled)
[    0.862698] audit: type=2000 audit(1563278725.685:1): initialized
[    0.863933] workingset: timestamp_bits=40 max_order=20 bucket_order=0
[    0.865128] zbud: loaded
[    0.866330] Block layer SCSI generic (bsg) driver version 0.4 loaded (major 250)
[    0.867413] io scheduler noop registered (default)
[    0.868459] io scheduler deadline registered
[    0.869259] io scheduler cfq registered
[    0.869935] pci_hotplug: PCI Hot Plug PCI Core version: 0.5
[    0.870866] pciehp: PCI Express Hot Plug Controller Driver version: 0.4
[    0.872361] GHES: HEST is not enabled!
[    0.873066] Serial: 8250/16550 driver, 4 ports, IRQ sharing enabled
[    0.895866] 00:03: ttyS0 at I/O 0x3f8 (irq = 4, base_baud = 115200) is a 16550A
[    0.919501] 00:04: ttyS1 at I/O 0x2f8 (irq = 3, base_baud = 115200) is a 16550A
[    0.943433] 00:05: ttyS2 at I/O 0x3e8 (irq = 6, base_baud = 115200) is a 16550A
[    0.967814] 00:06: ttyS3 at I/O 0x2e8 (irq = 7, base_baud = 115200) is a 16550A
[    0.970173] Linux agpgart interface v0.103
[    0.971515] AMD IOMMUv2 driver by Joerg Roedel <jroedel@suse.de>
[    0.973183] AMD IOMMUv2 functionality not available on this system
[    0.974919] i8042: PNP: PS/2 Controller [PNP0303:KBD,PNP0f13:MOU] at 0x60,0x64 irq 1,12
[    0.978560] i8042: Warning: Keylock active
[    0.981009] serio: i8042 KBD port at 0x60,0x64 irq 1
[    0.982195] serio: i8042 AUX port at 0x60,0x64 irq 12
[    0.983632] mousedev: PS/2 mouse device common for all mice
[    0.985413] rtc_cmos 00:00: RTC can wake from S4
[    0.986754] rtc_cmos 00:00: rtc core: registered rtc_cmos as rtc0
[    0.988470] rtc_cmos 00:00: alarms up to one day, 114 bytes nvram
[    0.990046] ledtrig-cpu: registered to indicate activity on CPUs
[    0.991701] NET: Registered protocol family 10
[    0.993049] mip6: Mobile IPv6
[    0.993662] NET: Registered protocol family 17
[    0.994911] mpls_gso: MPLS GSO support
[    0.996020] registered taskstats version 1
[    0.997160] zswap: loaded using pool lzo/zbud
[    0.998397] ima: No TPM chip found, activating TPM-bypass!
[    0.999898] ima: Allocated hash algorithm: sha256
[    1.001347] rtc_cmos 00:00: setting system clock to 2019-07-16 12:05:26 UTC (1563278726)
[    1.249810] Freeing unused kernel memory: 1424K
[    1.257715] Write protecting the kernel read-only data: 12288k
[    1.259565] input: AT Translated Set 2 keyboard as /devices/platform/i8042/serio0/input/input0
[    1.262225] Freeing unused kernel memory: 1904K
[    1.265254] Freeing unused kernel memory: 1220K
[    1.270283] x86/mm: Checked W+X mappings: passed, no W+X pages found.
Loading, please wait...
starting version 232
[    1.284759] random: systemd-udevd: uninitialized urandom read (16 bytes read)
[    1.288031] random: udevadm: uninitialized urandom read (16 bytes read)
[    1.289421] random: udevadm: uninitialized urandom read (16 bytes read)
[    1.314798] piix4_smbus 0000:00:01.3: SMBus base address uninitialized - upgrade BIOS or use force_addr=0xaddr
[    1.322557] ACPI: PCI Interrupt Link [LNKC] enabled at IRQ 11
[    1.339472] virtio-pci 0000:00:03.0: virtio_pci: leaving for legacy driver
[    1.346807] AVX2 version of gcm_enc/dec engaged.
[    1.347740] AES CTR mode by8 optimization enabled
[    1.364290] ACPI: PCI Interrupt Link [LNKD] enabled at IRQ 10
[    1.365534] virtio-pci 0000:00:04.0: virtio_pci: leaving for legacy driver
[    1.383222] SCSI subsystem initialized
[    1.423534] scsi host0: Virtio SCSI HBA
[    1.429654] scsi 0:0:1:0: Direct-Access     Google   PersistentDisk   1    PQ: 0 ANSI: 6
[    1.441636] random: fast init done
[    1.447548] sd 0:0:1:0: [sda] 20971520 512-byte logical blocks: (10.7 GB/10.0 GiB)
[    1.448751] sd 0:0:1:0: [sda] 4096-byte physical blocks
[    1.449677] sd 0:0:1:0: [sda] Write Protect is off
[    1.451493] sd 0:0:1:0: [sda] Write cache: enabled, read cache: enabled, doesn't support DPO or FUA
[    1.455522]  sda: sda1
[    1.456834] sd 0:0:1:0: [sda] Attached SCSI disk
Begin: Loading essential drivers ... done.
Begin: Running /scripts/init-premount ... done.
Begin: Mounting root file system ... Begin: Running /scripts/local-top ... done.
Begin: Running /scripts/local-premount ... done.
Begin: Will now check root file system ... fsck from util-linux 2.29.2
[/sbin/fsck.ext4 (1) -- /dev/sda1] fsck.ext4 -a -C0 /dev/sda1
/dev/sda1: clean, 47850/655360 files, 334471/2620928 blocks
done.
[    1.568405] EXT4-fs (sda1): mounted filesystem with ordered data mode. Opts: (null)
done.
Begin: Running /scripts/local-bottom ... done.
Begin: Running /scripts/init-bottom ... done.
[    1.771699] ip_tables: (C) 2000-2006 Netfilter Core Team
[    1.788001] systemd[1]: systemd 232 running in system mode. (+PAM +AUDIT +SELINUX +IMA +APPARMOR +SMACK +SYSVINIT +UTMP +LIBCRYPTSETUP +GCRYPT +GNUTLS +ACL +XZ +LZ4 +SECCOMP +BLKID +ELFUTILS +KMOD +IDN)
[    1.790679] systemd[1]: Detected virtualization kvm.
[    1.791541] systemd[1]: Detected architecture x86-64.

Welcome to [1mDebian GNU/Linux 9 (stretch)[0m!

[    1.802727] systemd[1]: No hostname configured.
[    1.803442] systemd[1]: Set hostname to <localhost>.
[    1.807906] systemd[1]: Initializing machine ID from KVM UUID.
[    1.809046] systemd[1]: Installed transient /etc/machine-id file.
[    1.870680] tsc: Refined TSC clocksource calibration: 2299.832 MHz
[    1.872395] clocksource: tsc: mask: 0xffffffffffffffff max_cycles: 0x21269649554, max_idle_ns: 440795232708 ns
[    1.960533] systemd[1]: Listening on Journal Socket (/dev/log).
[[0;32m  OK  [0m] Listening on Journal Socket (/dev/log).
[    1.974846] systemd[1]: Listening on /dev/initctl Compatibility Named Pipe.
[[0;32m  OK  [0m] Listening on /dev/initctl Compatibility Named Pipe.
[    1.979815] input: ImExPS/2 Generic Explorer Mouse as /devices/platform/i8042/serio1/input/input2
[    1.986800] systemd[1]: Listening on fsck to fsckd communication Socket.
[[0;32m  OK  [0m] Listening on fsck to fsckd communication Socket.
[[0;32m  OK  [0m] Listening on udev Control Socket.
[[0;32m  OK  [0m] Listening on Journal Audit Socket.
[[0;32m  OK  [0m] Listening on udev Kernel Socket.
[[0;32m  OK  [0m] Started Dispatch Password Requests to Console Directory Watch.
[[0;32m  OK  [0m] Listening on Journal Socket.
[[0;32m  OK  [0m] Listening on Syslog Socket.
[[0;32m  OK  [0m] Reached target Remote File Systems.
[[0;32m  OK  [0m] Created slice System Slice.
         Starting Create list of required stâ€¦ce nodes for the current kernel...
         Starting Remount Root and Kernel File Systems...
[[0;32m  OK  [0m] Reached target Slices.
[    2.125423] EXT4-fs (sda1): re-mounted. Opts: (null)
         Mounting POSIX Message Queue File System...
         Starting Load Kernel Modules...
         Mounting Debug File System...
[[0;32m  OK  [0m] Created slice system-getty.slice.
[[0;32m  OK  [0m] Started Forward Password Requests to Wall Directory Watch.
[[0;32m  OK  [0m] Reached target Encrypted Volumes.
[[0;32m  OK  [0m] Set up automount Arbitrary Executabâ€¦rmats File System Automount Point.
         Mounting Huge Pages File System...
[[0;32m  OK  [0m] Reached target Swap.
[[0;32m  OK  [0m] Created slice system-serial\x2dgetty.slice.
         Starting Journal Service...
[[0;32m  OK  [0m] Mounted Debug File System.
[[0;32m  OK  [0m] Mounted Huge Pages File System.
[[0;32m  OK  [0m] Mounted POSIX Message Queue File System.
[[0;32m  OK  [0m] Started Journal Service.
[[0;32m  OK  [0m] Started Create list of required staâ€¦vice nodes for the current kernel.
[[0;32m  OK  [0m] Started Remount Root and Kernel File Systems.
[[0;32m  OK  [0m] Started Load Kernel Modules.
         Starting Apply Kernel Variables...
         Starting Load/Save Random Seed...
         Starting udev Coldplug all Devices...
         Starting Create Static Device Nodes in /dev...
         Starting Flush Journal to Persistent Storage...
[[0;32m  OK  [0m] Started Apply Kernel Variables.
[[0;32m  OK  [0m] Started Load/Save Random Seed.
[    2.406669] systemd-journald[420]: Received request to flush runtime journal from PID 1
[[0;32m  OK  [0m] Started Flush Journal to Persistent Storage.
[[0;32m  OK  [0m] Started Create Static Device Nodes in /dev.
[[0;32m  OK  [0m] Reached target Local File Systems (Pre).
[[0;32m  OK  [0m] Reached target Local File Systems.
         Starting Commit a transient machine-id on disk...
         Starting Raise network interfaces...
         Starting udev Kernel Device Manager...
         Starting Create Volatile Files and Directories...
[[0;32m  OK  [0m] Started Commit a transient machine-id on disk.
[[0;32m  OK  [0m] Started udev Coldplug all Devices.
[[0;32m  OK  [0m] Started Create Volatile Files and Directories.
[[0;32m  OK  [0m] Reached target System Time Synchronized.
         Starting Update UTMP about System Boot/Shutdown...
[[0;32m  OK  [0m] Started Update UTMP about System Boot/Shutdown.
[[0;32m  OK  [0m] Started udev Kernel Device Manager.
[[0;32m  OK  [0m] Reached target System Initialization.
[[0;32m  OK  [0m] Started Daily apt download activities.
[[0;32m  OK  [0m] Listening on UUID daemon activation socket.
[[0;32m  OK  [0m] Started Daily Cleanup of Temporary Directories.
[[0;32m  OK  [0m] Started Daily apt upgrade and clean activities.
[[0;32m  OK  [0m] Reached target Timers.
[[0;32m  OK  [0m] Started ACPI Events Check.
[[0;32m  OK  [0m] Reached target Paths.
[[0;32m  OK  [0m] Listening on ACPID Listen Socket.
[[0;32m  OK  [0m] Reached target Sockets.
[[0;32m  OK  [0m] Reached target Basic System.
         Starting Expand the root partition and filesystem on boot...
[[0;32m  OK  [0m] Started Regular background pr[    2.571342] input: Power Button as /devices/LNXSYSTM:00/LNXPWRBN:00/input/input3
ogram processing[    2.572652] ACPI: Power Button [PWRF]
 daemon.
[    2.574015] input: Sleep Button as /devices/LNXSYSTM:00/LNXSLPBN:00/input/input4
         Starting System Logging Service...
[    2.598639] ACPI: Sleep Button [SLPF]
         Starting getty on tty2-tty6 if dbus and logind are not available...
[[0;32m  OK  [0m] Started ACPI event daemon.
[[0;32m  OK  [0m] Found device /dev/ttyS0.
[[0;32m  OK  [0m] Started getty on tty2-tty6 if dbus and logind are not available.
[    2.701178] sd 0:0:1:0: Attached scsi generic sg0 type 0
[    2.820521] RAPL PMU: API unit is 2^-32 Joules, 4 fixed counters, 10737418240 ms ovfl timer
[    2.822186] RAPL PMU: hw unit of domain pp0-core 2^-0 Joules
[    2.823111] RAPL PMU: hw unit of domain package 2^-0 Joules
[    2.823887] RAPL PMU: hw unit of domain dram 2^-0 Joules
[    2.824844] RAPL PMU: hw unit of domain pp1-gpu 2^-0 Joules
[[0;32m  OK  [0m] Started System Logging Service.
Jul 16 12:05:28 localhost kernel: [    0.000000] Linux version 4.9.0-9-amd64 (debian-kernel@lists.debian.org) (gcc version 6.3.0 20170516 (Debian 6.3.0-18+deb9u1) ) #1 SMP Debian 4.9.168-1+deb9u3 (2019-06-16)
Jul 16 12:05:28 localhost kernel: [    0.000000] Command line: BOOT_IMAGE=/boot/vmlinuz-4.9.0-9-amd64 root=UUID=ee6ea394-7ac2-4959-a423-3ec8bddda3df ro console=ttyS0,38400n8 elevator=noop scsi_mod.use_blk_mq=Y net.ifnames=0 biosdevname=0
Jul 16 12:05:28 localhost kernel: [    0.000000] x86/fpu: Supporting XSAVE feature 0x001: 'x87 floating point registers'
Jul 16 12:05:28 localhost kernel: [    0.000000] x86/fpu: Supporting XSAVE feature 0x002: 'SSE registers'
Jul 16 12:05:28 localhost kernel: [    0.000000] x86/fpu: Supporting XSAVE feature 0x004: 'AVX registers'
Jul 16 12:05:28 localhost kernel: [    0.000000] x86/fpu: xstate_offset[2]:  576, xstate_sizes[2]:  256
Jul 16 12:05:28 localhost kernel: [    0.000000] x86/fpu: Enabled xstate features 0x7, context size is 832 bytes, using 'standard' format.
Jul 16 12:05:28 localhost kernel: [    0.000000] e820: BIOS-provided physical RAM map:
Jul 16 12:05:28 localhost kernel: [    0.000000] BIOS-e820: [mem 0x0000000000000000-0x000000000009fbff] usable
Jul 16 12:05:28 localhost kernel: [    0.000000] BIOS-e820: [mem 0x000000000009fc00-0x000000000009ffff] reserved
Jul 16 12:05:28 localhost kernel: [    0.000000] BIOS-e820: [mem 0x00000000000f0000-0x00000000000fffff] reserved[    2.927639] EDAC MC: Ver: 3.0.0

Jul 16 12:05:28 localhost kernel: [    0.000000] BIOS-e820: [mem 0x0000000000100000-0x00000000bfffcfff] usable
Jul 16 12:05:28 localhost kernel: [    0.000000] BIOS-e820: [mem 0x00000000bfffd000-0x00000000bfffffff] reserved
Jul 16 12:05:28 localhost kernel: [    0.000000] BIOS-e820: [mem 0x00000000fffbc000-0x00000000ffffffff] reserved
Jul 16 12:05:28 localhost kernel: [    0.000000] BIOS-e820: [mem 0x0000000100000000-0x000000012fffffff] usable
Jul 16 12:05:28 localhost kernel: [    0.0[    2.935194] EDAC sbridge:  Ver: 1.1.1
00000] NX (Execute Disable) protection: active
Jul 16 12:05:28 localhost kernel: [    0.000000] SMBIOS 2.4 present.
Jul 16 12:05:28 localhost kernel: [    0.000000] DMI: Google Google Compute Engine/Google Compute Engine, BIOS Google 01/01/2011
Jul 16 12:05:28 localhost kernel: [    0.000000] Hypervisor detected: KVM
Jul 16 12:05:28 localhost kernel: [    0.000000] e820: update [mem 0x00000000-0x00000fff] usable ==> reserved
Jul 16 12:05:28 localhost kernel: [    0.000000] e820: remove [mem 0x000a0000-0x000fffff] usable
Jul 16 12:05:28 localhost kernel: [    0.000000] e820: last_pfn = 0x130000 max_arch_pfn = 0x400000000
Jul 16 12:05:28 localhost kernel: [    0.000000] MTRR default type: write-back
Jul 16 12:05:28 localhost kernel: [    0.000000] MTRR fixed ranges enabled:
Jul 16 12:05:28 localhost kernel: [    0.000000]   00000-9FFFF write-back
Jul 16 12:05:28 localhost kernel: [    0.000000]   A0000-BFFFF uncachable
Jul 16 12:05:28 localhost kernel: [    0.000000]   C0000-FFFFF write-protect
Jul 16 12:05:28 localhost kernel: [    0.000000] MTRR variable ranges enabled:
Jul 16 12:05:28 localhost kernel: [    0.000000]   0 base 0000C0000000 mask 3FFFC0000000 uncachable
Jul 16 12:05:28 localhost kernel: [    0.000000]   1 disabled
Jul 16 12:05:28 localhost kernel: [    0.000000]   2 disabled
Jul 16 12:05:28 localhost kernel: [    0.000000]   3 disabled
Jul 16 12:05:28 localhost kernel: [    0.000000]   4 disabled
Jul 16 12:05:28 localhost kernel: [    0.000000]   5 disabled
Jul 16 12:05:28 localhost kernel: [    0.000000]   6 disabled
Jul 16 12:05:28 localhost kernel: [    0.000000]   7 disabled
Jul 16 12:05:28 localhost kernel: [    0.000000] x86/PAT: Configuration [0-7]: WB  WC  UC- UC  WB  WC  UC- WT
Jul 16 12:05:28 localhost kernel: [    0.000000] e820: last_pfn = 0xbfffd max_arch_pfn = 0x400000000
Jul 16 12:05:28 localhost kernel: [    0.000000] found SMP MP-table at [mem 0x000f29c0-0x000f29cf] mapped at [ffff9d7c800f29c0]
Jul 16 12:05:28 localhost kernel: [    0.000000] Base memory trampoline at [ffff9d7c80099000] 99000 size 24576
Jul 16 12:05:28 localhost kernel: [    0.000000] Using GB pages for direct mapping
Jul 16 12:05:28 localhost kernel: [    0.000000] BRK [0x79b34000, 0x79b34fff] PGTABLE
Jul 16 12:05:28 localhost kernel: [    0.000000] BRK [0x79b35000, 0x79b35fff] PGTABLE
Jul 16 12:05:28 localhost kernel: [    0.000000] BRK [0x79b36000, 0x79b36fff] PGTABLE
Jul 16 12:05:28 localhost kernel: [    0.000000] BRK [0x79b37000, 0x79b37fff] PGTABLE
Jul 16 12:05:28 localhost kernel: [    0.000000] BRK [0x79b38000, 0x79b38fff] PGTABLE
Jul 16 12:05:28 localhost kernel: [    0.000000] RAMDISK: [mem 0x35d4f000-0x36e9efff]
Jul 16 12:05:28 localhost kernel: [    0.000000] ACPI: Early table checksum verification disabled
Jul 16 12:05:28 localhost kernel: [    0.000000] ACPI: RSDP 0x00000000000F2780 000014 (v00 Google)
Jul 16 12:05:28 localhost kernel: [    0.000000] ACPI: RSDT 0x00000000BFFFDAC0 000038 (v01 Google GOOGRSDT 00000001 GOOG 00000001)
Jul 16 12:05:28 localhost kernel: [    0.000000] ACPI: FACP 0x00000000BFFFFF00 0000F4 (v02 Google GOOGFACP 00000001 GOOG 00000001)
Jul 16 12:05:28 localhost kernel: [    0.000000] ACPI: DSDT 0x00000000BFFFDB00 0018BA (v01 Google GOOGDSDT 00000001 GOOG 00000001)
Jul 16 12:05:28 localhost kernel: [    0.000000] ACPI: FACS 0x00000000BFFFFEC0 000040
Jul 16 12:05:28 localhost kernel: [    0.000000] ACPI: FACS 0x00000000BFFFFEC0 000040
Jul 16 12:05:28 localhost kernel: [    0.000000] ACPI: SSDT 0x00000000BFFFF5A0 00091F (v01 Google GOOGSSDT 00000001 GOOG 00000001)
Jul 16 12:05:28 localhost kernel: [    0.000000] ACPI: APIC 0x00000000BFFFF4B0 00006E (v01 Google GOOGAPIC 00000001 GOOG 00000001)
Jul 16 12:05:28 localhost kernel: [    0.000000] ACPI: WAET 0x00000000BFFFF480 000028 (v01 Google GOOGWAET 00000001 GOOG 00000001)
Jul 16 12:05:28 localhost kernel: [    0.000000] ACPI: SRAT 0x00000000BFFFF3C0 0000B8 (v01 Google GOOGSRAT 00000001 GOOG 00000001)
Jul 16 12:05:28 localhost kernel: [    0.000000] ACPI: Local APIC address 0xfee00000
Jul 16 12:05:28 localhost kernel: [    0.000000] SRAT: PXM 0 -> APIC 0x00 -> Node 0
Jul 16 12:05:28 localhost kernel: [    0.000000] ACPI: SRAT: Node 0 PXM 0 [mem 0x00000000-0x0009ffff]
Jul 16 12:05:28 localhost kernel: [    0.000000] ACPI: SRAT: Node 0 PXM 0 [mem 0x00100000-0xbfffffff]
Jul 16 12:05:28 localhost kernel: [    0.000000] ACPI: SRAT: Node 0 PXM 0 [mem 0x100000000-0x12fffffff]
Jul 16 12:05:28 localhost kernel: [    0.000000] NUMA: Node 0 [mem 0x00000000-0x0009ffff] + [mem 0x00100000-0xbfffffff] -> [mem 0x00000000-0xbfffffff]
Jul 16 12:05:28 localhost kernel: [    0.000000] NUMA: Node 0 [mem 0x00000000-0xbfffffff] + [mem 0x100000000-0x12fffffff] -> [mem 0x00000000-0x12fffffff]
Jul 16 12:05:28 localhost kernel: [    0.000000] NODE_DATA(0) allocated [mem 0x12fff9000-0x12fffdfff]
Jul 16 12:05:28 localhost kernel: [    0.000000] kvm-clock: Using msrs 4b564d01 and 4b564d00
Jul 16 12:05:28 localhost kernel: [    0.000000] kvm-clock: cpu 0, msr 1:2fff1001, primary cpu clock
Jul 16 12:05:28 localhost kernel: [    0.000000] kvm-clock: using sched offset of 1613278340 cycles
Jul 16 12:05:28 localhost kernel: [    0.000000] clocksource: kvm-clock: mask: 0xffffffffffffffff max_cycles: 0x1cd42e4dffb, max_idle_ns: 881590591483 ns
Jul 16 12:05:28 localhost kernel: [    0.000000] Zone ranges:
Jul 16 12:05:28 localhost kernel: [    0.000000]   DMA      [mem 0x0000000000001000-0x0000000000ffffff]
Jul 16 12:05:28 localhost kernel: [    0.000000]   DMA32    [mem 0x0000000001000000-0x00000000ffffffff]
Jul 16 12:05:28 localhost kernel: [    0.000000]   Normal   [mem 0x0000000100000000-0x000000012fffffff]
Jul 16 12:05:28 localhost kernel: [    0.000000]   Device   empty
Jul 16 12:05:28 localhost kernel: [    0.000000] Movable zone start for each node
Jul 16 12:05:28 localhost kernel: [    0.000000] Early memory node ranges
Jul 16 12:05:28 localhost kernel: [    0.000000]   node   0: [mem 0x0000000000001000-0x000000000009efff]
Jul 16 12:05:28 localhost kernel: [    0.000000]   node   0: [mem 0x0000000000100000-0x00000000bfffcfff]
Jul 16 12:05:28 localhost kernel: [    0.000000]   node   0: [mem 0x0000000100000000-0x000000012fffffff]
Jul 16 12:05:28 localhost kernel: [    0.000000] Initmem setup node 0 [mem 0x0000000000001000-0x000000012fffffff]
Jul 16 12:05:28 localhost kernel: [    0.000000] On node 0 totalpages: 982939
Jul 16 12:05:28 localhost kernel: [    0.000000]   DMA zone: 64 pages used for memmap
Jul 16 12:05:28 localhost kernel: [    0.000000]   DMA zone: 21 pages reserved
Jul 16 12:05:28 localhost kernel: [    0.000000]   DMA zone: 3998 pages, LIFO batch:0
Jul 16 12:05:28 localhost kernel: [    0.000000]   DMA32 zone: 12224 pages used for memmap
Jul 16 12:05:28 localhost kernel: [    0.000000]   DMA32 zone: 782333 pages, LIFO batch:31
Jul 16 12:05:28 localhost kernel: [    0.000000]   Normal zone: 3072 pages used for memmap
Jul 16 12:05:28 localhost kernel: [    0.000000]   Normal zone: 196608 pages, LIFO batch:31
Jul 16 12:05:28 localhost kernel: [    0.000000] ACPI: PM-Timer IO Port: 0xb008
Jul 16 12:05:28 localhost kernel: [    0.000000] ACPI: Local APIC address 0xfee00000
Jul 16 12:05:28 localhost kernel: [    0.000000] ACPI: LAPIC_NMI (acpi_id[0xff] dfl dfl lint[0x1])
Jul 16 12:05:28 localhost kernel: [    0.000000] IOAPIC[0]: apic_id 0, version 17, address 0xfec00000, GSI 0-23
Jul 16 12:05:28 localhost kernel: [    0.000000] ACPI: INT_SRC_OVR (bus 0 bus_irq 5 global_irq 5 high level)
Jul 16 12:05:28 localhost kernel: [    0.000000] ACPI: INT_SRC_OVR (bus 0 bus_irq 9 global_irq 9 high level)
Jul 16 12:05:28 localhost kernel: [    0.000000] ACPI: INT_SRC_OVR (bus 0 bus_irq 10 global_irq 10 high level)
Jul 16 12:05:28 localhost kernel: [    0.000000] ACPI: INT_SRC_OVR (bus 0 bus_irq 11 global_irq 11 high level)
Jul 16 12:05:28 localhost kernel: [    0.000000] ACPI: IRQ5 used by override.
Jul 16 12:05:28 localhost kernel: [    0.000000] ACPI: IRQ9 used by override.
Jul 16 12:05:28 localhost kernel: [    0.000000] ACPI: IRQ10 used by override.
Jul 16 12:05:28 localhost kernel: [    0.000000] ACPI: IRQ11 used by override.
Jul 16 12:05:28 localhost kernel: [    0.000000] Using ACPI (MADT) for SMP configuration information
Jul 16 12:05:28 localhost kernel: [    0.000000] smpboot: Allowing 1 CPUs, 0 hotplug CPUs
Jul 16 12:05:28 localhost kernel: [    0.000000] PM: Registered nosave memory: [mem 0x00000000-0x00000fff]
Jul 16 12:05:28 localhost kernel: [    0.000000] PM: Registered nosave memory: [mem 0x0009f000-0x0009ffff]
Jul 16 12:05:28 localhost kernel: [    0.000000] PM: Registered nosave memory: [mem 0x000a0000-0x000effff]
Jul 16 12:05:28 localhost kernel: [    0.000000] PM: Registered nosave memory: [mem 0x000f0000-0x000fffff]
Jul 16 12:05:28 localhost kernel: [    0.000000] PM: Registered nosave memory: [mem 0xbfffd000-0xbfffffff]
Jul 16 12:05:28 localhost kernel: [    0.000000] PM: Registered nosave memory: [mem 0xc0000000-0xfffbbfff]
Jul 16 12:05:28 localhost kernel: [    0.000000] PM: Registered nosave memory: [mem 0xfffbc000-0xffffffff]
Jul 16 12:05:28 localhost kernel: [    0.000000] e820: [mem 0xc0000000-0xfffbbfff] available for PCI devices
Jul 16 12:05:28 localhost kernel: [    0.000000] Booting paravirtualized kernel on KVM
Jul 16 12:05:28 localhost kernel: [    0.000000] clocksource: refined-jiffies: mask: 0xffffffff max_cycles: 0xffffffff, max_idle_ns: 7645519600211568 ns
Jul 16 12:05:28 localhost kernel: [    0.000000] setup_percpu: NR_CPUS:512 nr_cpumask_bits:512 nr_cpu_ids:1 nr_node_ids:1
Jul 16 12:05:28 localhost kernel: [    0.000000] percpu: Embedded 35 pages/cpu @ffff9d7dafc00000 s105304 r8192 d29864 u2097152
Jul 16 12:05:28 localhost kernel: [    0.000000] pcpu-alloc: s105304 r8192 d29864 u2097152 alloc=1*2097152
Jul 16 12:05:28 localhost kernel: [    0.000000] pcpu-alloc: [0] 0
Jul 16 12:05:28 localhost kernel: [    0.000000] Built 1 zonelists in Node order, mobility grouping on.  Total pages: 967558
Jul 16 12:05:28 localhost kernel: [    0.000000] Policy zone: Normal
Jul 16 12:05:28 localhost kernel: [    0.000000] Kernel command line: BOOT_IMAGE=/boot/vmlinuz-4.9.0-9-amd64 root=UUID=ee6ea394-7ac2-4959-a423-3ec8bddda3df ro console=ttyS0,38400n8 elevator=noop scsi_mod.use_blk_mq=Y net.ifnames=0 biosdevname=0
Jul 16 12:05:28 localhost kernel: [    0.000000] PID hash table entries: 4096 (order: 3, 32768 bytes)
Jul 16 12:05:28 localhost kernel: [    0.000000] Calgary: detecting Calgary via BIOS EBDA area
Jul 16 12:05:28 localhost kernel: [    0.000000] Calgary: Unable to locate Rio Grande table in EBDA - bailing!
Jul 16 12:05:28 localhost kernel: [    0.000000] Memory: 3770676K/3931756K available (6273K kernel code, 1162K rwdata, 2876K rodata, 1424K init, 656K bss, 161080K reserved, 0K cma-reserved)
Jul 16 12:05:28 localhost kernel: [    0.000000] Kernel/User page tables isolation: enabled
Jul 16 12:05:28 localhost kernel: [    0.000000] Hierarchical RCU implementation.
Jul 16 12:05:28 localhost kernel: [    0.000000] 	Build-time adjustment of leaf fanout to 64.
Jul 16 12:05:28 localhost kernel: [    0.000000] 	RCU restricting CPUs from NR_CPUS=512 to nr_cpu_ids=1.
Jul 16 12:05:28 localhost kernel: [    0.000000] RCU: Adjusting geometry for rcu_fanout_leaf=64, nr_cpu_ids=1
Jul 16 12:05:28 localhost kernel: [    0.000000] NR_IRQS:33024 nr_irqs:256 16
Jul 16 12:05:28 localhost kernel: [    0.000000] Console: colour VGA+ 80x25
Jul 16 12:05:28 localhost kernel: [    0.000000] console [ttyS0] enabled
Jul 16 12:05:28 localhost kernel: [    0.000000] tsc: Detected 2300.000 MHz processor
Jul 16 12:05:28 localhost kernel: [    0.170637] Calibrating delay loop (skipped) preset value.. 4600.00 BogoMIPS (lpj=9200000)
Jul 16 12:05:28 localhost kernel: [    0.171897] pid_max: default: 32768 minimum: 301
Jul 16 12:05:28 localhost kernel: [    0.172599] ACPI: Core revision 20160831
Jul 16 12:05:28 localhost kernel: [    0.174374] ACPI: 2 ACPI AML tables successfully acquired and loaded
Jul 16 12:05:28 localhost kernel: [    0.175419] Security Framework initialized
Jul 16 12:05:28 localhost kernel: [    0.176027] Yama: disabled by default; enable with sysctl kernel.yama.*
Jul 16 12:05:28 localhost kernel: [    0.176978] AppArmor: AppArmor disabled by boot time parameter
Jul 16 12:05:28 localhost kernel: [    0.178775] Dentry cache hash table entries: 524288 (order: 10, 4194304 bytes)
Jul 16 12:05:28 localhost kernel: [    0.181937] Inode-cache hash table entries: 262144 (order: 9, 2097152 bytes)
Jul 16 12:05:28 localhost kernel: [    0.183457] Mount-cache hash table entries: 8192 (order: 4, 65536 bytes)
Jul 16 12:05:28 localhost kernel: [    0.184555] Mountpoint-cache hash table entries: 8192 (order: 4, 65536 bytes)
Jul 16 12:05:28 localhost kernel: [    0.186744] mce: CPU supports 32 MCE banks
Jul 16 12:05:28 localhost kernel: [    0.187624] Last level iTLB entries: 4KB 1024, 2MB 1024, 4MB 1024
Jul 16 12:05:28 localhost kernel: [    0.188573] Last level dTLB entries: 4KB 1024, 2MB 1024, 4MB 1024, 1GB 4
Jul 16 12:05:28 localhost kernel: [    0.189619] Spectre V2 : Mitigation: Full generic retpoline
Jul 16 12:05:28 localhost kernel: [    0.190686] Spectre V2 : Spectre v2 / SpectreRSB mitigation: Filling RSB on context switch
Jul 16 12:05:28 localhost kernel: [    0.191978] Spectre V2 : Enabling Restricted Speculation for firmware calls
Jul 16 12:05:28 localhost kernel: [    0.192940] Spectre V2 : mitigation: Enabling conditional Indirect Branch Prediction Barrier
Jul 16 12:05:28 localhost kernel: [    0.195032] Speculative Store Bypass: Mitigation: Speculative Store Bypass disabled via prctl and seccomp
Jul 16 12:05:28 localhost kernel: [    0.196518] MDS: Mitigation: Clear CPU buffers
Jul 16 12:05:28 localhost kernel: [    0.220845] Freeing SMP alternatives memory: 24K
Jul 16 12:05:28 localhost kernel: [    0.229364] ftrace: allocating 25319 entries in 99 pages
Jul 16 12:05:28 localhost kernel: [    0.281188] smpboot: Max logical packages: 1
Jul 16 12:05:28 localhost kernel: [    0.282499] x2apic enabled
Jul 16 12:05:28 localhost kernel: [    0.284050] Switched APIC routing to physical x2apic.
Jul 16 12:05:28 localhost kernel: [    0.287666] ..TIMER: vector=0x30 apic1=0 pin1=0 apic2=-1 pin2=-1
Jul 16 12:05:28 localhost kernel: [    0.393834] smpboot: CPU0: Intel(R) Xeon(R) CPU @ 2.30GHz (family: 0x6, model: 0x3f, stepping: 0x0)
Jul 16 12:05:28 localhost kernel: [    0.395640] Performance Events: unsupported p6 CPU model 63 no PMU driver, software events only.
Jul 16 12:05:28 localhost kernel: [    0.398200] x86: Booted up 1 node, 1 CPUs
Jul 16 12:05:28 localhost kernel: [    0.398986] smpboot: Total of 1 processors activated (4600.00 BogoMIPS)
Jul 16 12:05:28 localhost kernel: [    0.401058] devtmpfs: initialized
Jul 16 12:05:28 localhost kernel: [    0.401709] x86/mm: Memory block size: 128MB
Jul 16 12:05:28 localhost kernel: [    0.404721] clocksource: jiffies: mask: 0xffffffff max_cycles: 0xffffffff, max_idle_ns: 7645041785100000 ns
Jul 16 12:05:28 localhost kernel: [    0.406300] futex hash table entries: 256 (order: 2, 16384 bytes)
Jul 16 12:05:28 localhost kernel: [    0.407424] pinctrl core: initialized pinctrl subsystem
Jul 16 12:05:28 localhost kernel: [    0.408510] NET: Registered protocol family 16
Jul 16 12:05:28 localhost kernel: [    0.409408] cpuidle: using governor ladder
Jul 16 12:05:28 localhost kernel: [    0.410111] cpuidle: using governor menu
Jul 16 12:05:28 localhost kernel: [    0.410699] ACPI: bus type PCI registered
Jul 16 12:05:28 localhost kernel: [    0.411404] acpiphp: ACPI Hot Plug PCI Controller Driver version: 0.5
Jul 16 12:05:28 localhost kernel: [    0.412591] PCI: Using configuration type 1 for base access
Jul 16 12:05:28 localhost kernel: [    0.414230] HugeTLB registered 1 GB page size, pre-allocated 0 pages
Jul 16 12:05:28 localhost kernel: [    0.415426] HugeTLB registered 2 MB page size, pre-allocated 0 pages
Jul 16 12:05:28 localhost kernel: [    0.416731] ACPI: Added _OSI(Module Device)
Jul 16 12:05:28 localhost kernel: [    0.417610] ACPI: Added _OSI(Processor Device)
Jul 16 12:05:28 localhost kernel: [    0.418333] ACPI: Added _OSI(3.0 _SCP Extensions)
Jul 16 12:05:28 localhost kernel: [    0.419248] ACPI: Added _OSI(Processor Aggregator Device)
Jul 16 12:05:28 localhost kernel: [    0.420819] ACPI: Executed 2 blocks of module-level executable AML code
Jul 16 12:05:28 localhost kernel: [    0.423146] ACPI: Interpreter enabled
Jul 16 12:05:28 localhost kernel: [    0.423694] ACPI: (supports S0 S3 S4 S5)
Jul 16 12:05:28 localhost kernel: [    0.424453] ACPI: Using IOAPIC for interrupt routing
Jul 16 12:05:28 localhost kernel: [    0.425502] PCI: Using host bridge windows from ACPI; if necessary, use "pci=nocrs" and report a bug
Jul 16 12:05:28 localhost kernel: [    0.430161] ACPI: PCI Root Bridge [PCI0] (domain 0000 [bus 00-ff])
Jul 16 12:05:28 localhost kernel: [    0.431111] acpi PNP0A03:00: _OSC: OS supports [ASPM ClockPM Segments MSI]
Jul 16 12:05:28 localhost kernel: [    0.432124] acpi PNP0A03:00: _OSC failed (AE_NOT_FOUND); disabling ASPM
Jul 16 12:05:28 localhost kernel: [    0.433279] acpi PNP0A03:00: fail to add MMCONFIG information, can't access extended PCI configuration space under this bridge.
Jul 16 12:05:28 localhost kernel: [    0.435927] PCI host bridge to bus 0000:00
Jul 16 12:05:28 localhost kernel: [    0.436792] pci_bus 0000:00: root bus resource [io  0x0000-0x0cf7 window]
Jul 16 12:05:28 localhost kernel: [    0.437804] pci_bus 0000:00: root bus resource [io  0x0d00-0xffff window]
Jul 16 12:05:28 localhost kernel: [    0.439197] pci_bus 0000:00: root bus resource [mem 0x000a0000-0x000bffff window]
Jul 16 12:05:28 localhost kernel: [    0.440940] pci_bus 0000:00: root bus resource [mem 0xc0000000-0xfebfffff window]
Jul 16 12:05:28 localhost kernel: [    0.442080] pci_bus 0000:00: root bus resource [bus 00-ff]
Jul 16 12:05:28 localhost kernel: [    0.443067] pci 0000:00:00.0: [8086:1237] type 00 class 0x060000
Jul 16 12:05:28 localhost kernel: [    0.443544] pci 0000:00:01.0: [8086:7110] type 00 class 0x060100
Jul 16 12:05:28 localhost kernel: [    0.456151] pci 0000:00:01.3: [8086:7113] type 00 class 0x068000
Jul 16 12:05:28 localhost kernel: [    0.467537] pci 0000:00:01.3: quirk: [io  0xb000-0xb03f] claimed by PIIX4 ACPI
Jul 16 12:05:28 localhost kernel: [    0.470006] pci 0000:00:03.0: [1af4:1004] type 00 class 0x000000
Jul 16 12:05:28 localhost kernel: [    0.474464] pci 0000:00:03.0: reg 0x10: [io  0xc000-0xc03f]
Jul 16 12:05:28 localhost kernel: [    0.478300] pci 0000:00:03.0: reg 0x14: [mem 0xfebfe000-0xfebfe07f]
Jul 16 12:05:28 localhost kernel: [    0.492110] pci 0000:00:04.0: [1af4:1000] type 00 class 0x020000
Jul 16 12:05:28 localhost kernel: [    0.495845] pci 0000:00:04.0: reg 0x10: [io  0xc040-0xc07f]
Jul 16 12:05:28 localhost kernel: [    0.499617] pci 0000:00:04.0: reg 0x14: [mem 0xfebff000-0xfebff03f]
Jul 16 12:05:28 localhost kernel: [    0.513192] ACPI: PCI Interrupt Link [LNKA] (IRQs 5 *10 11)
Jul 16 12:05:28 localhost kernel: [    0.515725] ACPI: PCI Interrupt Link [LNKB] (IRQs 5 *10 11)
Jul 16 12:05:28 localhost kernel: [    0.518114] ACPI: PCI Interrupt Link [LNKC] (IRQs 5 10 *11)
Jul 16 12:05:28 localhost kernel: [    0.520114] ACPI: PCI Interrupt Link [LNKD] (IRQs 5 10 *11)
Jul 16 12:05:28 localhost kernel: [    0.522157] ACPI: PCI Interrupt Link [LNKS] (IRQs *9)
Jul 16 12:05:28 localhost kernel: [    0.523708] ACPI: Enabled 16 GPEs in block 00 to 0F
Jul 16 12:05:28 localhost kernel: [    0.524952] vgaarb: loaded
Jul 16 12:05:28 localhost kernel: [    0.525583] PCI: Using ACPI for IRQ routing
Jul 16 12:05:28 localhost kernel: [    0.526278] PCI: pci_cache_line_size set to 64 bytes
Jul 16 12:05:28 localhost kernel: [    0.526376] e820: reserve RAM buffer [mem 0x0009fc00-0x0009ffff]
Jul 16 12:05:28 localhost kernel: [    0.526378] e820: reserve RAM buffer [mem 0xbfffd000-0xbfffffff]
Jul 16 12:05:28 localhost kernel: [    0.526586] clocksource: Switched to clocksource kvm-clock
Jul 16 12:05:28 localhost kernel: [    0.535526] VFS: Disk quotas dquot_6.6.0
Jul 16 12:05:28 localhost kernel: [    0.536298] VFS: Dquot-cache hash table entries: 512 (order 0, 4096 bytes)
Jul 16 12:05:28 localhost kernel: [    0.537631] pnp: PnP ACPI init
Jul 16 12:05:28 localhost kernel: [    0.538138] pnp 00:00: Plug and Play ACPI device, IDs PNP0b00 (active)
Jul 16 12:05:28 localhost kernel: [    0.538204] pnp 00:01: Plug and Play ACPI device, IDs PNP0303 (active)
Jul 16 12:05:28 localhost kernel: [    0.538252] pnp 00:02: Plug and Play ACPI device, IDs PNP0f13 (active)
Jul 16 12:05:28 localhost kernel: [    0.538306] pnp 00:03: Plug and Play ACPI device, IDs PNP0501 (active)
Jul 16 12:05:28 localhost kernel: [    0.538388] pnp 00:04: Plug and Play ACPI device, IDs PNP0501 (active)
Jul 16 12:05:28 localhost kernel: [    0.538431] pnp 00:05: Plug and Play ACPI device, IDs PNP0501 (active)
Jul 16 12:05:28 localhost kernel: [    0.538477] pnp 00:06: Plug and Play ACPI device, IDs PNP0501 (active)
Jul 16 12:05:28 localhost kernel: [    0.538649] pnp: PnP ACPI: found 7 devices
Jul 16 12:05:28 localhost kernel: [    0.545016] clocksource: acpi_pm: mask: 0xffffff max_cycles: 0xffffff, max_idle_ns: 2085701024 ns
Jul 16 12:05:28 localhost kernel: [    0.546434] pci_bus 0000:00: resource 4 [io  0x0000-0x0cf7 window]
Jul 16 12:05:28 localhost kernel: [    0.546435] pci_bus 0000:00: resource 5 [io  0x0d00-0xffff window]
Jul 16 12:05:28 localhost kernel: [    0.546437] pci_bus 0000:00: resource 6 [mem 0x000a0000-0x000bffff window]
Jul 16 12:05:28 localhost kernel: [    0.546438] pci_bus 0000:00: resource 7 [mem 0xc0000000-0xfebfffff window]
Jul 16 12:05:28 localhost kernel: [    0.546508] NET: Registered protocol family 2
Jul 16 12:05:28 localhost kernel: [    0.547416] TCP established hash table entries: 32768 (order: 6, 262144 bytes)
Jul 16 12:05:28 localhost kernel: [    0.548628] TCP bind hash table entries: 32768 (order: 7, 524288 bytes)
Jul 16 12:05:28 localhost kernel: [    0.549683] TCP: Hash tables configured (established 32768 bind 32768)
Jul 16 12:05:28 localhost kernel: [    0.550908] UDP hash table entries: 2048 (order: 4, 65536 bytes)
Jul 16 12:05:28 localhost kernel: [    0.551997] UDP-Lite hash table entries: 2048 (order: 4, 65536 bytes)
Jul 16 12:05:28 localhost kernel: [    0.553039] NET: Registered protocol family 1
Jul 16 12:05:28 localhost kernel: [    0.553705] pci 0000:00:00.0: Limiting direct PCI/PCI transfers
Jul 16 12:05:28 localhost kernel: [    0.554752] PCI: CLS 0 bytes, default 64
Jul 16 12:05:28 localhost kernel: [    0.554812] Unpacking initramfs...
Jul 16 12:05:28 localhost kernel: [    0.856950] Freeing initrd memory: 17728K
Jul 16 12:05:28 localhost kernel: [    0.859423] PCI-DMA: Using software bounce buffering for IO (SWIOTLB)
Jul 16 12:05:28 localhost kernel: [    0.860531] software IO TLB: mapped [mem 0xbbffd000-0xbfffd000] (64MB)
Jul 16 12:05:28 localhost kernel: [    0.861829] audit: initializing netlink subsys (disabled)
Jul 16 12:05:28 localhost kernel: [    0.862698] audit: type=2000 audit(1563278725.685:1): initialized
Jul 16 12:05:28 localhost kernel: [    0.863933] workingset: timestamp_bits=40 max_order=20 bucket_order=0
Jul 16 12:05:28 localhost kernel: [    0.865128] zbud: loaded
Jul 16 12:05:28 localhost kernel: [    0.866330] Block layer SCSI generic (bsg) driver version 0.4 loaded (major 250)
Jul 16 12:05:28 localhost kernel: [    0.867413] io scheduler noop registered (default)
Jul 16 12:05:28 localhost kernel: [    0.868459] io scheduler deadline registered
Jul 16 12:05:28 localhost kernel: [    0.869259] io scheduler cfq registered
Jul 16 12:05:28 localhost kernel: [    0.869935] pci_hotplug: PCI Hot Plug PCI Core version: 0.5
Jul 16 12:05:28 localhost kernel: [    0.870866] pciehp: PCI Express Hot Plug Controller Driver version: 0.4
Jul 16 12:05:28 localhost kernel: [    0.872267] intel_idle: does not run on family 6 model 63
Jul 16 12:05:28 localhost kernel: [    0.872361] GHES: HEST is not enabled!
Jul 16 12:05:28 localhost kernel: [    0.873066] Serial: 8250/16550 driver, 4 ports, IRQ sharing enabled
Jul 16 12:05:28 localhost kernel: [    0.895866] 00:03: ttyS0 at I/O 0x3f8 (irq = 4, base_baud = 115200) is a 16550A
Jul 16 12:05:28 localhost kernel: [    0.919501] 00:04: ttyS1 at I/O 0x2f8 (irq = 3, base_baud = 115200) is a 16550A
Jul 16 12:05:28 localhost kernel: [    0.943433] 00:05: ttyS2 at I/O 0x3e8 (irq = 6, base_baud = 115200) is a 16550A
Jul 16 12:05:28 localhost kernel: [    0.967814] 00:06: ttyS3 at I/O 0x2e8 (irq = 7, base_baud = 115200) is a 16550A
Jul 16 12:05:28 localhost kernel: [    0.970173] Linux agpgart interface v0.103
Jul 16 12:05:28 localhost kernel: [    0.971515] AMD IOMMUv2 driver by Joerg Roedel <jroedel@suse.de>
Jul 16 12:05:28 localhost kernel: [    0.973183] AMD IOMMUv2 functionality not available on this system
Jul 16 12:05:28 localhost kernel: [    0.974919] i8042: PNP: PS/2 Controller [PNP0303:KBD,PNP0f13:MOU] at 0x60,0x64 irq 1,12
Jul 16 12:05:28 localhost kernel: [    0.978560] i8042: Warning: Keylock active
Jul 16 12:05:28 localhost kernel: [    0.981009] serio: i8042 KBD port at 0x60,0x64 irq 1
Jul 16 12:05:28 localhost kernel: [    0.982195] serio: i8042 AUX port at 0x60,0x64 irq 12
Jul 16 12:05:28 localhost kernel: [    0.983632] mousedev: PS/2 mouse device common for all mice
Jul 16 12:05:28 localhost kernel: [    0.985413] rtc_cmos 00:00: RTC can wake from S4
Jul 16 12:05:28 localhost kernel: [    0.986754] rtc_cmos 00:00: rtc core: registered rtc_cmos as rtc0
Jul 16 12:05:28 localhost kernel: [    0.988470] rtc_cmos 00:00: alarms up to one day, 114 bytes nvram
Jul 16 12:05:28 localhost kernel: [    0.990046] ledtrig-cpu: registered to indicate activity on CPUs
Jul 16 12:05:28 localhost kernel: [    0.991701] NET: Registered protocol family 10
Jul 16 12:05:28 localhost kernel: [    0.993049] mip6: Mobile IPv6
Jul 16 12:05:28 localhost kernel: [    0.993662] NET: Registered protocol family 17
Jul 16 12:05:28 localhost kernel: [    0.994911] mpls_gso: MPLS GSO support
Jul 16 12:05:28 localhost kernel: [    0.996020] registered taskstats version 1
Jul 16 12:05:28 localhost kernel: [    0.997160] zswap: loaded using pool lzo/zbud
Jul 16 12:05:28 localhost kernel: [    0.998397] ima: No TPM chip found, activating TPM-bypass!
Jul 16 12:05:28 localhost kernel: [    0.999898] ima: Allocated hash algorithm: sha256
Jul 16 12:05:28 localhost kernel: [    1.001347] rtc_cmos 00:00: setting system clock to 2019-07-16 12:05:26 UTC (1563278726)
Jul 16 12:05:28 localhost kernel: [    1.003596] PM: Hibernation image not present or could not be loaded.
Jul 16 12:05:28 localhost kernel: [    1.249810] Freeing unused kernel memory: 1424K
Jul 16 12:05:28 localhost kernel: [    1.257715] Write protecting the kernel read-only data: 12288k
Jul 16 12:05:28 localhost kernel: [    1.259565] input: AT Translated Set 2 keyboard as /devices/platform/i8042/serio0/input/input0
Jul 16 12:05:28 localhost kernel: [    1.262225] Freeing unused kernel memory: 1904K
Jul 16 12:05:28 localhost kernel: [    1.265254] Freeing unused kernel memory: 1220K
Jul 16 12:05:28 localhost kernel: [    1.270283] x86/mm: Checked W+X mappings: passed, no W+X pages found.
Jul 16 12:05:28 localhost kernel: [    1.284759] random: systemd-udevd: uninitialized urandom read (16 bytes read)
Jul 16 12:05:28 localhost kernel: [    1.288031] random: udevadm: uninitialized urandom read (16 bytes read)
Jul 16 12:05:28 localhost kernel: [    1.289421] random: udevadm: uninitialized urandom read (16 bytes read)
Jul 16 12:05:28 localhost kernel: [    1.314798] piix4_smbus 0000:00:01.3: SMBus base address uninitialized - upgrade BIOS or use force_addr=0xaddr
Jul 16 12:05:28 localhost kernel: [    1.322557] ACPI: PCI Interrupt Link [LNKC] enabled at IRQ 11
Jul 16 12:05:28 localhost kernel: [    1.339472] virtio-pci 0000:00:03.0: virtio_pci: leaving for legacy driver
Jul 16 12:05:28 localhost kernel: [    1.346807] AVX2 version of gcm_enc/dec engaged.
Jul 16 12:05:28 localhost kernel: [    1.347740] AES CTR mode by8 optimization enabled
Jul 16 12:05:28 localhost kernel: [    1.364290] ACPI: PCI Interrupt Link [LNKD] enabled at IRQ 10
Jul 16 12:05:28 localhost kernel: [    1.365534] virtio-pci 0000:00:04.0: virtio_pci: leaving for legacy driver
Jul 16 12:05:28 localhost kernel: [    1.383222] SCSI subsystem initialized
Jul 16 12:05:28 localhost kernel: [    1.423534] scsi host0: Virtio SCSI HBA
Jul 16 12:05:28 localhost kernel: [    1.429654] scsi 0:0:1:0: Direct-Access     Google   PersistentDisk   1    PQ: 0 ANSI: 6
Jul 16 12:05:28 localhost kernel: [    1.441636] random: fast init done
Jul 16 12:05:28 localhost kernel: [    1.447548] sd 0:0:1:0: [sda] 20971520 512-byte logical blocks: (10.7 GB/10.0 GiB)
Jul 16 12:05:28 localhost kernel: [    1.448751] sd 0:0:1:0: [sda] 4096-byte physical blocks
Jul 16 12:05:28 localhost kernel: [    1.449677] sd 0:0:1:0: [sda] Write Protect is off
Jul 16 12:05:28 localhost kernel: [    1.451191] sd 0:0:1:0: [sda] Mode Sense: 1f 00 00 08
Jul 16 12:05:28 localhost kernel: [    1.451493] sd 0:0:1:0: [sda] Write cache: enabled, read cache: enabled, doesn't support DPO or FUA
Jul 16 12:05:28 localhost kernel: [    1.455522]  sda: sda1
Jul 16 12:05:28 localhost kernel: [    1.456834] sd 0:0:1:0: [sda] Attached SCSI disk
Jul 16 12:05:28 localhost kernel: [    1.568405] EXT4-fs (sda1): mounted filesystem with ordered data mode. Opts: (null)
Jul 16 12:05:28 localhost kernel: [    1.771699] ip_tables: (C) 2000-2006 Netfilter Core Team
Jul 16 12:05:28 localhost kernel: [    1.870680] tsc: Refined TSC clocksource calibration: 2299.832 MHz
Jul 16 12:05:28 localhost kernel: [    1.872395] clocksource: tsc: mask: 0xffffffffffffffff max_cycles: 0x21269649554, max_idle_ns: 440795232708 ns
Jul 16 12:05:28 localhost kernel: [    1.979815] input: ImExPS/2 Generic Explorer Mouse as /devices/platform/i8042/serio1/input/input2
Jul 16 12:05:28 localhost kernel: [    2.125423] EXT4-fs (sda1): re-mounted. Opts: (null)
Jul 16 12:05:28 localhost kernel: [    2.571342] input: Power Button as /devices/LNXSYSTM:00/LNXPWRBN:00/input/input3
Jul 16 12:05:28 localhost kernel: [    2.572652] ACPI: Power Button [PWRF]
Jul 16 12:05:28 localhost kernel: [    2.574015] input: Sleep Button as /devices/LNXSYSTM:00/LNXSLPBN:00/input/input4
Jul 16 12:05:28 localhost kernel: [    2.598639] ACPI: Sleep Button [SLPF]
Jul 16 12:05:28 localhost kernel: [    2.701178] sd 0:0:1:0: Attached scsi generic sg0 type 0
Jul 16 12:05:28 localhost kernel: [    2.820521] RAPL PMU: API unit is 2^-32 Joules, 4 fixed counters, 10737418240 ms ovfl timer
Jul 16 12:05:28 localhost kernel: [    2.822186] RAPL PMU: hw unit of domain pp0-core 2^-0 Joules
Jul 16 12:05:28 localhost kernel: [    2.823111] RAPL PMU: hw unit of domain package 2^-0 Joules
Jul 16 12:05:28 localhost kernel: [    2.823887] RAPL PMU: hw unit of domain dram 2^-0 Joules
Jul 16 12:05:28 localhost kernel: [    2.824844] RAPL PMU: hw unit of domain pp1-gpu 2^-0 Joules
Jul 16 12:05:28 localhost systemd[1]: Started Create list of required static device nodes for the current kernel.
Jul 16 12:05:28 localhost systemd[1]: Started Remount Root and Kernel File Systems.
Jul 16 12:05:28 localhost systemd[1]: Started Load Kernel Modules.
Jul 16 12:05:28 localhost systemd[1]: Starting Apply Kernel Variables...
Jul 16 12:05:28 localhost systemd[1]: Starting Load/Save Random Seed...
Jul 16 12:05:28 localhost systemd[1]: Starting udev Coldplug all Devices...
Jul 16 12:05:28 localhost systemd[1]: Starting Create Static Device Nodes in /dev...
Jul 16 12:05:28 localhost systemd[1]: Starting Flush Journal to Persistent Storage...
Jul 16 12:05:28 localhost systemd[1]: Started Apply Kernel Variables.
Jul 16 12:05:28 localhost systemd[1]: Started Load/Save Random Seed.
Jul 16 12:05:28 localhost systemd[1]: Started Flush Journal to Persistent Storage.
Jul 16 12:05:28 localhost systemd[1]: Started Create Static Device Nodes in /dev.
Jul 16 12:05:28 localhost systemd[1]: Reached target Local File Systems (Pre).
Jul 16 12:05:28 localhost systemd[1]: Reached target Local File Systems.
Jul 16 12:05:28 localhost systemd[1]: Starting Commit a transient machine-id on disk...
Jul 16 12:05:28 localhost systemd[1]: Starting Raise network interfaces...
Jul 16 12:05:28 localhost systemd[1]: Starting udev Kernel Device Manager...
Jul 16 12:05:28 localhost systemd[1]: Starting Create Volatile Files and Directories...
Jul 16 12:05:28 localhost systemd[1]: Started Commit a transient machine-id on disk.
Jul 16 12:05:28 localhost systemd[1]: Started udev Coldplug all Devices.
Jul 16 12:05:28 localhost systemd-udevd[436]: Network interface NamePolicy= disabled on kernel command line, ignoring.
Jul 16 12:05:28 localhost systemd[1]: Started Create Volatile Files and Directories.
Jul 16 12:05:28 localhost systemd[1]: Reached target System Time Synchronized.
Jul 16 12:05:28 localhost systemd[1]: Starting Update UTMP about System Boot/Shutdown...
Jul 16 12:05:28 localhost systemd[1]: Started Update UTMP about System Boot/Shutdown.
Jul 16 12:05:28 localhost systemd[1]: Started udev Kernel Device Manager.
Jul 16 12:05:28 localhost systemd[1]: Reached target System Initialization.
Jul 16 12:05:28 localhost systemd[1]: apt-daily.timer: Adding 7min 40.637609s random time.
Jul 16 12:05:28 localhost systemd[1]: Started Daily apt download activities.
Jul 16 12:05:28 localhost systemd[1]: Listening on UUID daemon activation socket.
Jul 16 12:05:28 localhost systemd[1]: Started Daily Cleanup of Temporary Directories.
Jul 16 12:05:28 localhost systemd[1]: apt-daily-upgrade.timer: Adding 25min 39.295636s random time.
Jul 16 12:05:28 localhost systemd[1]: Started Daily apt upgrade and clean activities.
Jul 16 12:05:28 localhost systemd[1]: Reached target Timers.
Jul 16 12:05:28 localhost systemd[1]: Started ACPI Events Check.
Jul 16 12:05:28 localhost systemd[1]: Reached target Paths.
Jul 16 12:05:28 localhost systemd[1]: Listening on ACPID Listen Socket.
Jul 16 12:05:28 localhost systemd[1]: Reached target Sockets.
Jul 16 12:05:28 localhost systemd[1]: Reached target Basic System.
Jul 16 12:05:28 localhost systemd[1]: Starting Expand the root partition and filesystem on boot...
Jul 16 12:05:28 localhost systemd[1]: Started Regular background program processing daemon.
Jul 16 12:05:28 localhost systemd[1]: Starting System Logging Service...
Jul 16 12:05:28 localhost systemd[1]: Starting getty on tty2-tty6 if dbus and logind are not available...
Jul 16 12:05:28 localhost systemd[1]: Started ACPI event daemon.
Jul 16 12:05:28 localhost systemd[1]: Found device /dev/ttyS0.
Jul 16 12:05:28 localhost systemd[1]: Started getty on tty2-tty6 if dbus and logind are not available.
Jul 16 12:05:28 localhost acpid: starting up with netlink and the input layer
Jul 16 12:05:28 localhost acpid: 1 rule loaded
Jul 16 12:05:28 localhost acpid: waiting for events: event logging is off
Jul 16 12:05:28 localhost expand-root[455]: Growing partition /dev/sda1
Jul 16 12:05:28 localhost systemd[1]: Started System Logging Service.
Jul 16 12:05:28 localhost kernel: [    2.927639] EDAC MC: Ver: 3.0.0
Jul 16 12:05:28 localhost kernel: [    2.935093] EDAC sbridge: Seeking for: PCI ID 8086:2fa0
Jul 16 12:05:28 localhost kernel: [    2.935194] EDAC sbridge:  Ver: 1.1.1
Jul 16 12:05:28 localhost expand-root[455]: NOCHANGE: partition 1 could only be grown by -33 [fudge=2048]
Jul 16 12:05:28 localhost expand-root[455]: Resizing ext4 filesystem on /dev/sda1
Jul 16 12:05:28 localhost expand-root[455]: resize2fs 1.43.4 (31-Jan-2017)
Jul 16 12:05:28 localhost expand-root[455]: The filesystem is already 2620928 (4k) blocks long.  Nothing to do!
Jul 16 12:05:28 localhost systemd[1]: Started Expand the root partition and filesystem on boot.
Jul 16 12:05:28 localhost dhclient[527]: Internet Systems Consortium DHCP Client 4.3.5
Jul 16 12:05:28 localhost ifup[488]: Internet Systems Consortium DHCP Client 4.3.5
Jul 16 12:05:28 localhost dhclient[527]: Copyright 2004-2016 Internet Systems Consortium.
Jul 16 12:05:28 localhost ifup[488]: Copyright 2004-2016 Internet Systems Consortium.
Jul 16 12:05:28 localhost ifup[488]: All rights reserved.
Jul 16 12:05:28 localhost ifup[488]: For info, please visit https://www.isc.org/software/dhcp/
Jul 16 12:05:28 localhost dhclient[527]: All rights reserved.
Jul 16 12:05:28 localhost dhclient[527]: For info, please visit https://www.isc.org/software/dhcp/
Jul 16 12:05:28 localhost dhclient[527]:
Jul 16 12:05:28 localhost dhclient[527]: Listening on LPF/eth0/42:01:0a:80:00:03
Jul 16 12:05:28 localhost ifup[488]: Listening on LPF/eth0/42:01:0a:80:00:03
Jul 16 12:05:28 localhost ifup[488]: Sending on   LPF/eth0/42:01:0a:80:00:03
Jul 16 12:05:28 localhost ifup[488]: Sending on   Socket/fallback
Jul 16 12:05:28 localhost ifup[488]: DHCPDISCOVER on eth0 to 255.255.255.255 port 67 interval 8
Jul 16 12:05:28 localhost dhclient[527]: Sending on   LPF/eth0/42:01:0a:80:00:03
Jul 16 12:05:28 localhost ifup[488]: DHCPREQUEST of 10.128.0.3 on eth0 to 255.255.255.255 port 67
Jul 16 12:05:28 localhost ifup[488]: DHCPOFFER of 10.128.0.3 from 169.254.169.254
Jul 16 12:05:28 localhost ifup[488]: DHCPACK of 10.128.0.3 from 169.254.169.254
Jul 16 12:05:28 localhost dhclient[527]: Sending on   Socket/fallback
Jul 16 12:05:28 localhost dhclient[527]: DHCPDISCOVER on eth0 to 255.255.255.255 port 67 interval 8
Jul 16 12:05:28 localhost dhclient[527]: DHCPREQUEST of 10.128.0.3 on eth0 to 255.255.255.255 port 67
Jul 16 12:05:28 localhost dhclient[527]: DHCPOFFER of 10.128.0.3 from 169.254.169.254
Jul 16 12:05:28 localhost dhclient[527]: DHCPACK of 10.128.0.3 from 169.254.169.254
[[0;32m  OK  [0m] Started Expand the root partition and filesystem on boot.
         Stopping System Logging Service...
[[0;32m  OK  [0m] Stopped System Logging Service.
         Starting System Logging Service...
[[0;32m  OK  [0m] Started System Logging Service.
Jul 16 12:05:28 apache2 systemd[1]: Stopping System Logging Service...
Jul 16 12:05:28 apache2 systemd[1]: Stopped System Logging Service.
Jul 16 12:05:28 apache2 systemd[1]: Starting System Logging Service...
Jul 16 12:05:29 apache2 systemd[1]: Started System Logging Service.
Jul 16 12:05:29 apache2 dhclient[527]: bound to 10.128.0.3 -- renewal in 38965 seconds.
Jul 16 12:05:29 apache2 ifup[488]: bound to 10.128.0.3 -- renewal in 38965 seconds.
[[0;32m  OK  [0m] Started Raise network interfaces.
[[0;32m  OK  [0m] Reached target Network.
[[0;32m  OK  [0m] Reached target Network is Online.
         Starting Google Compute Engine Instance Setup...
Jul 16 12:05:29 apache2 systemd[1]: Started Raise network interfaces.
Jul 16 12:05:29 apache2 systemd[1]: Reached target Network.
Jul 16 12:05:29 apache2 systemd[1]: Reached target Network is Online.
Jul 16 12:05:29 apache2 systemd[1]: Starting Google Compute Engine Instance Setup...
Jul 16 12:05:29 apache2 systemd[1]: Starting LSB: Start NTP daemon...
         Starting LSB: Start NTP daemon...
Jul 16 12:05:29 apache2 systemd[1]: Starting Permit User Sessions...
         Starting Permit User Sessions...
Jul 16 12:05:29 apache2 systemd[1]: Started Unattended Upgrades Shutdown.
[[0;32m  OK  [0m] Started Unattended Upgrades Shutdown.
[[0;32m  OK  [0m] Started Permit User Sessions.
[Jul 16 12:05:29 apache2 systemd[1]: Started Permit User Sessions.
Jul 16 12:05:29 apache2 systemd[1]: Started Getty on tty5.
[0;32m  OK  [0m] Started Getty on tty5.
Jul 16 12:05:29 apache2 systemd[1]: Started Getty on tty6.
[[0;32m  OK  [0m] Started Getty on tty6.
Jul 16 12:05:29 apache2 systemd[1]: Started Getty on tty4.
[[0;32m  OK  [0m] Started Getty on tty4.
Jul 16 12:05:29 apache2 systemd[1]: Started Getty on tty3.
[[0;32m  OK  [0m] Started Getty on tty3.
Jul 16 12:05:29 apache2 systemd[1]: Started Getty on tty2.
[[0;32m  OK  [0m] Started Getty on tty2.
Jul 16 12:05:29 apache2 systemd[1]: Started Serial Getty on ttyS0.
[[0;32m  OK  [0m] Started Serial Getty on ttyS0.
Jul 16 12:05:29 apache2 systemd[1]: Started Getty on tty1.
[[0;32m  OK  [0m] Started Getty on tty1.
Jul 16 12:05:29 apache2 systemd[1]: Reached target Login Prompts.
[[0;32m  OK  [0m] Reached target Login Prompts.
Jul 16 12:05:29 apache2 ntpd[640]: ntpd 4.2.8p10@1.3728-o Sun Feb 25 21:22:55 UTC 2018 (1): Starting
Jul 16 12:05:29 apache2 ntpd[640]: Command line: /usr/sbin/ntpd -p /var/run/ntpd.pid -g -c /run/ntp.conf.dhcp -u 106:110
[[0;32m  OK  [0m] Started LSB: Start NTP daemon.
Jul 16 12:05:29 apache2 ntp[624]: Starting NTP server: ntpd.
Jul 16 12:05:29 apache2 systemd[1]: Started LSB: Start NTP daemon.
Jul 16 12:05:29 apache2 ntpd[643]: proto: precision = 0.063 usec (-24)
Jul 16 12:05:29 apache2 ntpd[643]: Listen and drop on 0 v6wildcard [::]:123
Jul 16 12:05:29 apache2 ntpd[643]: Listen and drop on 1 v4wildcard 0.0.0.0:123
Jul 16 12:05:29 apache2 ntpd[643]: Listen normally on 2 lo 127.0.0.1:123
Jul 16 12:05:29 apache2 ntpd[643]: Listen normally on 3 eth0 10.128.0.3:123
Jul 16 12:05:29 apache2 ntpd[643]: Listen normally on 4 lo [::1]:123
Jul 16 12:05:29 apache2 ntpd[643]: bind(21) AF_INET6 fe80::4001:aff:fe80:3%2#123 flags 0x11 failed: Cannot assign requested address
Jul 16 12:05:29 apache2 ntpd[643]: unable to create socket on eth0 (5) for fe80::4001:aff:fe80:3%2#123
Jul 16 12:05:29 apache2 ntpd[643]: failed to init interface for address fe80::4001:aff:fe80:3%2
Jul 16 12:05:29 apache2 ntpd[643]: Listening on routing socket on fd #21 for interface updates
Jul 16 12:05:29 apache2 instance-setup: INFO Generating SSH host keys for instance 946951333611570064.
Jul 16 12:05:29 apache2 instance-setup: INFO Generating SSH key /etc/ssh/ssh_host_ed25519_key.
Jul 16 12:05:29 apache2 instance-setup: INFO Unable to write ssh-ed25519 host key to guest attributes.
Jul 16 12:05:29 apache2 instance-setup: INFO Generating SSH key /etc/ssh/ssh_host_rsa_key.
Jul 16 12:05:30 apache2 instance-setup: INFO Unable to write ssh-rsa host key to guest attributes.
Jul 16 12:05:30 apache2 instance-setup: INFO Generating SSH key /etc/ssh/ssh_host_ecdsa_key.
Jul 16 12:05:30 apache2 instance-setup: INFO Unable to write ecdsa-sha2-nistp256 host key to guest attributes.
Jul 16 12:05:30 apache2 instance-setup: INFO Running google_set_multiqueue.
Jul 16 12:05:30 apache2 instance-setup: INFO Setting /proc/irq/25/smp_affinity_list to 0 for device virtio1.
Jul 16 12:05:30 apache2 instance-setup: INFO /proc/irq/25/smp_affinity_list: real affinity 0
Jul 16 12:05:30 apache2 instance-setup: INFO Setting /proc/irq/26/smp_affinity_list to 0 for device virtio1.
Jul 16 12:05:30 apache2 instance-setup: INFO /proc/irq/26/smp_affinity_list: real affinity 0
Jul 16 12:05:30 apache2 instance-setup: INFO Queue 0 XPS=1 for /sys/class/net/eth0/queues/tx-0/xps_cpus
[[0;32m  OK  [0m] Started Google Compute Engine Instance Setup.
Jul 16 12:05:30 apache2 systemd[1]: Started Google Compute Engine Instance Setup.
Jul 16 12:05:30 apache2 systemd[1]: Started Google Compute Engine Network Daemon.
[[0;32m  OK  [0m] Started Google Compute Engine Network Daemon.
Jul 16 12:05:30 apache2 systemd[1]: Started Google Compute Engine Clock Skew Daemon.
[[0;32m  OK  [0m] Started Google Compute Engine Clock Skew Daemon.
Jul 16 12:05:30 apache2 systemd[1]: Starting Google Compute Engine Shutdown Scripts...
         Starting Google Compute Engine Shutdown Scripts...
Jul 16 12:05:30 apache2 systemd[1]: Starting OpenBSD Secure Shell server...
         Starting OpenBSD Secure Shell server...
Jul 16 12:05:30 apache2 systemd[1]: Started Google Compute Engine Accounts Daemon.
[[0;32m  OK  [0m] Started Google Compute Engine Accounts Daemon.
Jul 16 12:05:30 apache2 systemd[1]: Starting Google Compute Engine Startup Scripts...
         Starting Google Compute Engine Startup Scripts...
Jul 16 12:05:30 apache2 systemd[1]: Started Google Compute Engine Shutdown Scripts.
[[0;32m  OK  [0m] Started Google Compute Engine Shutdown Scripts.
Jul 16 12:05:30 apache2 ntpd[643]: bind(24) AF_INET6 fe80::4001:aff:fe80:3%2#123 flags 0x11 failed: Cannot assign requested address
Jul 16 12:05:30 apache2 ntpd[643]: unable to create socket on eth0 (6) for fe80::4001:aff:fe80:3%2#123
Jul 16 12:05:30 apache2 ntpd[643]: failed to init interface for address fe80::4001:aff:fe80:3%2
[[0;32m  OK  [0m] Started OpenBSD Secure Shell server.
Jul 16 12:05:30 apache2 systemd[1]: Started OpenBSD Secure Shell server.
Jul 16 12:05:30 apache2 google-clock-skew: INFO Starting Google Clock Skew daemon.
Jul 16 12:05:30 apache2 google-networking: INFO Starting Google Networking daemon.
Jul 16 12:05:30 apache2 google-clock-skew: INFO Clock drift token has changed: 0.
Jul 16 12:05:30 apache2 startup-script: INFO Starting startup scripts.
Jul 16 12:05:30 apache2 startup-script: INFO Found startup-script in metadata.
Jul 16 12:05:30 apache2 google-accounts: INFO Starting Google Accounts daemon.
Jul 16 12:05:30 apache2 google-accounts: INFO Activating OS Login.
Jul 16 12:05:30 apache2 google_accounts_daemon[681]: Activating Google Compute Engine OS Login.
Jul 16 12:05:31 apache2 google_accounts_daemon[681]: Restarting optional services.
Jul 16 12:05:31 apache2 systemd[1]: Stopping Regular background program processing daemon...
         Stopping Regular background program processing daemon...
Jul 16 12:05:31 apache2 systemd[1]: Stopped Regular background program processing daemon.
[[0;32m  OK  [0m] Stopped Regular background program processing daemon.
Jul 16 12:05:31 apache2 systemd[1]: Started Regular background program processing daemon.
[[0;32m  OK  [0m] Started Regular background program processing daemon.
Jul 16 12:05:31 apache2 google_accounts_daemon[681]: Restarting SSHD
         Stopping OpenBSD Secure Shell server...
Jul 16 12:05:31 apache2 systemd[1]: Stopping OpenBSD Secure Shell server...
Jul 16 12:05:31 apache2 systemd[1]: Stopped OpenBSD Secure Shell server.
[[0;32m  OK  [0m] Stopped OpenBSD Secure Shell server.
Jul 16 12:05:31 apache2 systemd[1]: Starting OpenBSD Secure Shell server...
         Starting OpenBSD Secure Shell server...
[[0;32m  OK  [0m] Started OpenBSD Secure Shell server.
Jul 16 12:05:31 apache2 systemd[1]: Started OpenBSD Secure Shell server.
         Stopping OpenBSD Secure Shell server...
[[0;32m  OK  [0m] Stopped OpenBSD Secure Shell server.
Jul 16 12:05:31 apache2 systemd[1]: Stopping OpenBSD Secure Shell server...
Jul 16 12:05:31 apache2 systemd[1]: Stopped OpenBSD Secure Shell server.
Jul 16 12:05:31 apache2 systemd[1]: Starting OpenBSD Secure Shell server...
         Starting OpenBSD Secure Shell server...
[[0;32m  OK  [0m] Started OpenBSD Secure Shell server.
Jul 16 12:05:31 apache2 systemd[1]: Started OpenBSD Secure Shell server.
Jul 16 12:05:31 apache2 systemd[1]: Time has been changed
Jul 16 12:05:31 apache2 google-clock-skew: INFO Synced system time with hardware clock.
Jul 16 12:05:31 apache2 systemd[1]: apt-daily-upgrade.timer: Adding 18min 19.186076s random time.
Jul 16 12:05:31 apache2 systemd[1]: apt-daily.timer: Adding 4h 8min 30.154555s random time.
Jul 16 12:05:31 apache2 ntpd[643]: Listen normally on 7 eth0 [fe80::4001:aff:fe80:3%2]:123


Debian GNU/Linux 9 apache2 ttyS0

apache2 login: Jul 16 12:05:37 apache2 startup-script: INFO startup-script: Get:1 http://packages.cloud.google.com/apt cloud-sdk-stretch InRelease [6,377 B]
Jul 16 12:05:37 apache2 startup-script: INFO startup-script: Get:2 http://packages.cloud.google.com/apt google-compute-engine-stretch-stable InRelease [3,843 B]
Jul 16 12:05:37 apache2 startup-script: INFO startup-script: Hit:3 http://packages.cloud.google.com/apt google-cloud-packages-archive-keyring-stretch InRelease
Jul 16 12:05:38 apache2 startup-script: INFO startup-script: Get:4 http://packages.cloud.google.com/apt cloud-sdk-stretch/main amd64 Packages [77.9 kB]
Jul 16 12:05:38 apache2 startup-script: INFO startup-script: Get:5 http://packages.cloud.google.com/apt google-compute-engine-stretch-stable/main amd64 Packages [1,243 B]
Jul 16 12:06:18 apache2 startup-script: INFO startup-script: Get:6 http://security.debian.org stretch/updates InRelease [94.3 kB]
Jul 16 12:06:18 apache2 startup-script: INFO startup-script: Ign:7 http://deb.debian.org/debian stretch InRelease
Jul 16 12:06:18 apache2 startup-script: INFO startup-script: Get:8 http://deb.debian.org/debian stretch-updates InRelease [91.0 kB]
Jul 16 12:06:18 apache2 startup-script: INFO startup-script: Get:9 http://deb.debian.org/debian stretch-backports InRelease [91.8 kB]
Jul 16 12:06:18 apache2 startup-script: INFO startup-script: Get:10 http://deb.debian.org/debian stretch Release [118 kB]
Jul 16 12:06:18 apache2 startup-script: INFO startup-script: Get:11 http://deb.debian.org/debian stretch Release.gpg [2,434 B]
Jul 16 12:06:18 apache2 startup-script: INFO startup-script: Get:12 http://security.debian.org stretch/updates/main Sources [210 kB]
Jul 16 12:06:18 apache2 startup-script: INFO startup-script: Get:13 http://security.debian.org stretch/updates/main amd64 Packages [499 kB]
Jul 16 12:06:18 apache2 startup-script: INFO startup-script: Get:14 http://security.debian.org stretch/updates/main Translation-en [223 kB]
Jul 16 12:06:18 apache2 startup-script: INFO startup-script: Get:15 http://deb.debian.org/debian stretch-updates/main Sources.diff/Index [10.6 kB]
Jul 16 12:06:18 apache2 startup-script: INFO startup-script: Get:16 http://deb.debian.org/debian stretch-updates/main amd64 Packages.diff/Index [10.6 kB]
Jul 16 12:06:18 apache2 startup-script: INFO startup-script: Get:17 http://deb.debian.org/debian stretch-updates/main Translation-en.diff/Index [6,148 B]
Jul 16 12:06:18 apache2 startup-script: INFO startup-script: Get:18 http://deb.debian.org/debian stretch-updates/main Sources 2019-07-08-0821.07.pdiff [534 B]
Jul 16 12:06:18 apache2 startup-script: INFO startup-script: Get:19 http://deb.debian.org/debian stretch-updates/main amd64 Packages 2019-07-08-0821.07.pdiff [445 B]
Jul 16 12:06:18 apache2 startup-script: INFO startup-script: Get:18 http://deb.debian.org/debian stretch-updates/main Sources 2019-07-08-0821.07.pdiff [534 B]
Jul 16 12:06:18 apache2 startup-script: INFO startup-script: Get:19 http://deb.debian.org/debian stretch-updates/main amd64 Packages 2019-07-08-0821.07.pdiff [445 B]
Jul 16 12:06:18 apache2 startup-script: INFO startup-script: Get:20 http://deb.debian.org/debian stretch-updates/main Translation-en 2019-07-08-0821.07.pdiff [196 B]
Jul 16 12:06:18 apache2 startup-script: INFO startup-script: Get:20 http://deb.debian.org/debian stretch-updates/main Translation-en 2019-07-08-0821.07.pdiff [196 B]
Jul 16 12:06:18 apache2 startup-script: INFO startup-script: Get:21 http://deb.debian.org/debian stretch-backports/main Sources.diff/Index [27.8 kB]
Jul 16 12:06:18 apache2 startup-script: INFO startup-script: Get:22 http://deb.debian.org/debian stretch-backports/main amd64 Packages.diff/Index [27.8 kB]
Jul 16 12:06:18 apache2 startup-script: INFO startup-script: Get:23 http://deb.debian.org/debian stretch-backports/main Translation-en.diff/Index [27.8 kB]
Jul 16 12:06:18 apache2 startup-script: INFO startup-script: Get:24 http://deb.debian.org/debian stretch-backports/main Sources 2019-06-20-1417.31.pdiff [950 B]
Jul 16 12:06:18 apache2 startup-script: INFO startup-script: Get:25 http://deb.debian.org/debian stretch-backports/main Sources 2019-06-20-2020.45.pdiff [31 B]
Jul 16 12:06:18 apache2 startup-script: INFO startup-script: Get:26 http://deb.debian.org/debian stretch-backports/main Sources 2019-06-21-0820.00.pdiff [14.4 kB]
Jul 16 12:06:18 apache2 startup-script: INFO startup-script: Get:27 http://deb.debian.org/debian stretch-backports/main Sources 2019-06-21-1418.31.pdiff [31 B]
Jul 16 12:06:18 apache2 startup-script: INFO startup-script: Get:28 http://deb.debian.org/debian stretch-backports/main Sources 2019-06-21-2031.42.pdiff [44 B]
Jul 16 12:06:18 apache2 startup-script: INFO startup-script: Get:29 http://deb.debian.org/debian stretch-backports/main Sources 2019-06-22-1420.02.pdiff [1,807 B]
Jul 16 12:06:18 apache2 startup-script: INFO startup-script: Get:30 http://deb.debian.org/debian stretch-backports/main Sources 2019-06-22-2019.10.pdiff [46 B]
Jul 16 12:06:18 apache2 startup-script: INFO startup-script: Get:31 http://deb.debian.org/debian stretch-backports/main Sources 2019-06-24-1417.21.pdiff [2,612 B]
Jul 16 12:06:18 apache2 startup-script: INFO startup-script: Get:32 http://deb.debian.org/debian stretch-backports/main Sources 2019-06-24-2017.00.pdiff [62 B]
Jul 16 12:06:18 apache2 startup-script: INFO startup-script: Get:33 http://deb.debian.org/debian stretch-backports/main Sources 2019-06-25-1418.21.pdiff [1,150 B]
Jul 16 12:06:18 apache2 startup-script: INFO startup-script: Get:34 http://deb.debian.org/debian stretch-backports/main Sources 2019-07-01-1418.02.pdiff [1,336 B]
Jul 16 12:06:18 apache2 startup-script: INFO startup-script: Get:35 http://deb.debian.org/debian stretch-backports/main Sources 2019-07-07-2020.35.pdiff [33 B]
Jul 16 12:06:18 apache2 startup-script: INFO startup-script: Get:36 http://deb.debian.org/debian stretch-backports/main Sources 2019-07-10-1415.27.pdiff [1,798 B]
Jul 16 12:06:18 apache2 startup-script: INFO startup-script: Get:37 http://deb.debian.org/debian stretch-backports/main Sources 2019-07-15-1418.25.pdiff [1,693 B]
Jul 16 12:06:18 apache2 startup-script: INFO startup-script: Get:38 http://deb.debian.org/debian stretch-backports/main amd64 Packages 2019-06-20-2020.45.pdiff [805 B]
Jul 16 12:06:18 apache2 startup-script: INFO startup-script: Get:39 http://deb.debian.org/debian stretch-backports/main amd64 Packages 2019-06-21-0820.00.pdiff [1,068 B]
Jul 16 12:06:18 apache2 startup-script: INFO startup-script: Get:37 http://deb.debian.org/debian stretch-backports/main Sources 2019-07-15-1418.25.pdiff [1,693 B]
Jul 16 12:06:18 apache2 startup-script: INFO startup-script: Get:40 http://deb.debian.org/debian stretch-backports/main amd64 Packages 2019-06-21-1418.31.pdiff [3,981 B]
Jul 16 12:06:18 apache2 startup-script: INFO startup-script: Get:41 http://deb.debian.org/debian stretch-backports/main amd64 Packages 2019-06-22-2019.10.pdiff [490 B]
Jul 16 12:06:18 apache2 startup-script: INFO startup-script: Get:42 http://deb.debian.org/debian stretch-backports/main amd64 Packages 2019-06-24-2017.00.pdiff [1,044 B]
Jul 16 12:06:18 apache2 startup-script: INFO startup-script: Get:43 http://deb.debian.org/debian stretch-backports/main amd64 Packages 2019-06-25-1418.21.pdiff [1,694 B]
Jul 16 12:06:18 apache2 startup-script: INFO startup-script: Get:44 http://deb.debian.org/debian stretch-backports/main amd64 Packages 2019-07-01-1418.02.pdiff [2,929 B]
Jul 16 12:06:18 apache2 startup-script: INFO startup-script: Get:45 http://deb.debian.org/debian stretch-backports/main amd64 Packages 2019-07-07-2020.35.pdiff [33 B]
Jul 16 12:06:18 apache2 startup-script: INFO startup-script: Get:46 http://deb.debian.org/debian stretch-backports/main amd64 Packages 2019-07-10-1415.27.pdiff [571 B]
Jul 16 12:06:18 apache2 startup-script: INFO startup-script: Get:47 http://deb.debian.org/debian stretch-backports/main amd64 Packages 2019-07-10-2021.14.pdiff [1,266 B]
Jul 16 12:06:18 apache2 startup-script: INFO startup-script: Get:48 http://deb.debian.org/debian stretch-backports/main amd64 Packages 2019-07-15-1418.25.pdiff [532 B]
Jul 16 12:06:18 apache2 startup-script: INFO startup-script: Get:49 http://deb.debian.org/debian stretch-backports/main amd64 Packages 2019-07-15-2016.08.pdiff [708 B]
Jul 16 12:06:18 apache2 startup-script: INFO startup-script: Get:50 http://deb.debian.org/debian stretch-backports/main Translation-en 2019-06-25-1418.21.pdiff [1,250 B]
Jul 16 12:06:18 apache2 startup-script: INFO startup-script: Get:51 http://deb.debian.org/debian stretch-backports/main Translation-en 2019-07-07-2020.35.pdiff [33 B]
Jul 16 12:06:18 apache2 startup-script: INFO startup-script: Get:49 http://deb.debian.org/debian stretch-backports/main amd64 Packages 2019-07-15-2016.08.pdiff [708 B]
Jul 16 12:06:18 apache2 startup-script: INFO startup-script: Get:52 http://deb.debian.org/debian stretch-backports/main Translation-en 2019-07-10-1415.27.pdiff [415 B]
Jul 16 12:06:18 apache2 startup-script: INFO startup-script: Get:53 http://deb.debian.org/debian stretch-backports/main Translation-en 2019-07-15-1418.25.pdiff [340 B]
Jul 16 12:06:19 apache2 startup-script: INFO startup-script: Get:53 http://deb.debian.org/debian stretch-backports/main Translation-en 2019-07-15-1418.25.pdiff [340 B]
Jul 16 12:06:19 apache2 startup-script: INFO startup-script: Fetched 1,575 kB in 48s (32.7 kB/s)
Jul 16 12:06:20 apache2 startup-script: INFO startup-script: Reading package lists...
Jul 16 12:06:20 apache2 startup-script: INFO startup-script: Reading package lists...
Jul 16 12:06:20 apache2 startup-script: INFO startup-script: Building dependency tree...
Jul 16 12:06:20 apache2 startup-script: INFO startup-script: Reading state information...
Jul 16 12:06:20 apache2 startup-script: INFO startup-script: The following additional packages will be installed:
Jul 16 12:06:20 apache2 startup-script: INFO startup-script:   apache2-bin apache2-data apache2-utils libapr1 libaprutil1
Jul 16 12:06:20 apache2 startup-script: INFO startup-script:   libaprutil1-dbd-sqlite3 libaprutil1-ldap libicu57 liblua5.2-0 libperl5.24
Jul 16 12:06:20 apache2 startup-script: INFO startup-script:   libxml2 perl perl-modules-5.24 rename sgml-base ssl-cert xml-core
Jul 16 12:06:20 apache2 startup-script: INFO startup-script: Suggested packages:
Jul 16 12:06:20 apache2 startup-script: INFO startup-script:   www-browser apache2-doc apache2-suexec-pristine | apache2-suexec-custom
Jul 16 12:06:20 apache2 startup-script: INFO startup-script:   perl-doc libterm-readline-gnu-perl | libterm-readline-perl-perl make
Jul 16 12:06:20 apache2 startup-script: INFO startup-script:   sgml-base-doc openssl-blacklist debhelper
Jul 16 12:06:20 apache2 startup-script: INFO startup-script: The following NEW packages will be installed:
Jul 16 12:06:20 apache2 startup-script: INFO startup-script:   apache2 apache2-bin apache2-data apache2-utils libapr1 libaprutil1
Jul 16 12:06:20 apache2 startup-script: INFO startup-script:   libaprutil1-dbd-sqlite3 libaprutil1-ldap libicu57 liblua5.2-0 libperl5.24
Jul 16 12:06:20 apache2 startup-script: INFO startup-script:   libxml2 perl perl-modules-5.24 rename sgml-base ssl-cert xml-core
Jul 16 12:06:20 apache2 startup-script: INFO startup-script: 0 upgraded, 18 newly installed, 0 to remove and 11 not upgraded.
Jul 16 12:06:20 apache2 startup-script: INFO startup-script: Need to get 17.3 MB of archives.
Jul 16 12:06:20 apache2 startup-script: INFO startup-script: After this operation, 80.5 MB of additional disk space will be used.
Jul 16 12:06:20 apache2 startup-script: INFO startup-script: Get:1 http://deb.debian.org/debian stretch/main amd64 perl-modules-5.24 all 5.24.1-3+deb9u5 [2,722 kB]
Jul 16 12:06:20 apache2 startup-script: INFO startup-script: Get:2 http://deb.debian.org/debian stretch/main amd64 libperl5.24 amd64 5.24.1-3+deb9u5 [3,501 kB]
Jul 16 12:06:20 apache2 startup-script: INFO startup-script: Get:3 http://deb.debian.org/debian stretch/main amd64 perl amd64 5.24.1-3+deb9u5 [219 kB]
Jul 16 12:06:20 apache2 startup-script: INFO startup-script: Get:4 http://deb.debian.org/debian stretch/main amd64 libapr1 amd64 1.5.2-5 [96.6 kB]
Jul 16 12:06:20 apache2 startup-script: INFO startup-script: Get:5 http://deb.debian.org/debian stretch/main amd64 libaprutil1 amd64 1.5.4-3 [85.8 kB]
Jul 16 12:06:20 apache2 startup-script: INFO startup-script: Get:6 http://deb.debian.org/debian stretch/main amd64 libaprutil1-dbd-sqlite3 amd64 1.5.4-3 [19.3 kB]
Jul 16 12:06:20 apache2 startup-script: INFO startup-script: Get:7 http://deb.debian.org/debian stretch/main amd64 libaprutil1-ldap amd64 1.5.4-3 [17.4 kB]
Jul 16 12:06:20 apache2 startup-script: INFO startup-script: Get:8 http://deb.debian.org/debian stretch/main amd64 liblua5.2-0 amd64 5.2.4-1.1+b2 [110 kB]
Jul 16 12:06:20 apache2 startup-script: INFO startup-script: Get:9 http://deb.debian.org/debian stretch/main amd64 libicu57 amd64 57.1-6+deb9u2 [7,700 kB]
Jul 16 12:06:20 apache2 startup-script: INFO startup-script: Get:10 http://deb.debian.org/debian stretch/main amd64 libxml2 amd64 2.9.4+dfsg1-2.2+deb9u2 [920 kB]
Jul 16 12:06:20 apache2 startup-script: INFO startup-script: Get:11 http://deb.debian.org/debian stretch/main amd64 apache2-bin amd64 2.4.25-3+deb9u7 [1,187 kB]
Jul 16 12:06:20 apache2 startup-script: INFO startup-script: Get:12 http://deb.debian.org/debian stretch/main amd64 apache2-utils amd64 2.4.25-3+deb9u7 [218 kB]
Jul 16 12:06:20 apache2 startup-script: INFO startup-script: Get:13 http://deb.debian.org/debian stretch/main amd64 apache2-data all 2.4.25-3+deb9u7 [162 kB]
Jul 16 12:06:20 apache2 startup-script: INFO startup-script: Get:14 http://deb.debian.org/debian stretch/main amd64 apache2 amd64 2.4.25-3+deb9u7 [236 kB]
Jul 16 12:06:20 apache2 startup-script: INFO startup-script: Get:15 http://deb.debian.org/debian stretch/main amd64 sgml-base all 1.29 [14.8 kB]
Jul 16 12:06:20 apache2 startup-script: INFO startup-script: Get:16 http://deb.debian.org/debian stretch/main amd64 rename all 0.20-4 [12.5 kB]
Jul 16 12:06:20 apache2 startup-script: INFO startup-script: Get:17 http://deb.debian.org/debian stretch/main amd64 ssl-cert all 1.0.39 [20.8 kB]
Jul 16 12:06:20 apache2 startup-script: INFO startup-script: Get:18 http://deb.debian.org/debian stretch/main amd64 xml-core all 0.17 [23.2 kB]
Jul 16 12:06:21 apache2 startup-script: INFO startup-script: debconf: unable to initialize frontend: Dialog
Jul 16 12:06:21 apache2 startup-script: INFO startup-script: debconf: (TERM is not set, so the dialog frontend is not usable.)
Jul 16 12:06:21 apache2 startup-script: INFO startup-script: debconf: falling back to frontend: Readline
Jul 16 12:06:21 apache2 startup-script: INFO startup-script: debconf: unable to initialize frontend: Readline
Jul 16 12:06:21 apache2 startup-script: INFO startup-script: debconf: (Can't locate Term/ReadLine.pm in @INC (you may need to install the Term::ReadLine module) (@INC contains: /etc/perl /usr/local/lib/x86_64-linux-gnu/perl/5.24.1 /usr/local/share/perl/5.24.1 /usr/lib/x86_64-linux-gnu/perl5/5.24 /usr/share/perl5 /usr/lib/x86_64-linux-gnu/perl/5.24 /usr/share/perl/5.24 /usr/local/lib/site_perl /usr/lib/x86_64-linux-gnu/perl-base .) at /usr/share/perl5/Debconf/FrontEnd/Readline.pm line 7, <> line 18.)
Jul 16 12:06:21 apache2 startup-script: INFO startup-script: debconf: falling back to frontend: Teletype
Jul 16 12:06:21 apache2 startup-script: INFO startup-script: dpkg-preconfigure: unable to re-open stdin:
Jul 16 12:06:21 apache2 startup-script: INFO startup-script: Fetched 17.3 MB in 0s (56.1 MB/s)
Jul 16 12:06:21 apache2 startup-script: INFO startup-script: Selecting previously unselected package perl-modules-5.24.
Jul 16 12:06:21 apache2 startup-script: INFO startup-script: (Reading database ... #015(Reading database ... 5%#015(Reading database ... 10%#015(Reading database ... 15%#015(Reading database ... 20%#015(Reading database ... 25%#015(Reading database ... 30%#015(Reading database ... 35%#015(Reading database ... 40%#015(Reading database ... 45%#015(Reading database ... 50%#015(Reading database ... 55%#015(Reading database ... 60%#015(Reading database ... 65%#015(Reading database ... 70%#015(Reading database ... 75%#015(Reading database ... 80%#015(Reading database ... 85%#015(Reading database ... 90%#015(Reading database ... 95%#015(Reading database ... 100%#015(Reading database ... 36124 files and directories currently installed.)
Jul 16 12:06:21 apache2 startup-script: INFO startup-script: Preparing to unpack .../00-perl-modules-5.24_5.24.1-3+deb9u5_all.deb ...
Jul 16 12:06:21 apache2 startup-script: INFO startup-script: Unpacking perl-modules-5.24 (5.24.1-3+deb9u5) ...
[   56.867912] random: crng init done
[   56.871461] random: 7 urandom warning(s) missed due to ratelimiting
Jul 16 12:06:21 apache2 kernel: [   56.867912] random: crng init done
Jul 16 12:06:21 apache2 kernel: [   56.871461] random: 7 urandom warning(s) missed due to ratelimiting
Jul 16 12:06:21 apache2 startup-script: INFO startup-script: Selecting previously unselected package libperl5.24:amd64.
Jul 16 12:06:21 apache2 startup-script: INFO startup-script: Preparing to unpack .../01-libperl5.24_5.24.1-3+deb9u5_amd64.deb ...
Jul 16 12:06:21 apache2 startup-script: INFO startup-script: Unpacking libperl5.24:amd64 (5.24.1-3+deb9u5) ...
Jul 16 12:06:22 apache2 startup-script: INFO startup-script: Selecting previously unselected package perl.
Jul 16 12:06:22 apache2 startup-script: INFO startup-script: Preparing to unpack .../02-perl_5.24.1-3+deb9u5_amd64.deb ...
Jul 16 12:06:22 apache2 startup-script: INFO startup-script: Unpacking perl (5.24.1-3+deb9u5) ...
Jul 16 12:06:22 apache2 startup-script: INFO startup-script: Selecting previously unselected package libapr1:amd64.
Jul 16 12:06:22 apache2 startup-script: INFO startup-script: Preparing to unpack .../03-libapr1_1.5.2-5_amd64.deb ...
Jul 16 12:06:22 apache2 startup-script: INFO startup-script: Unpacking libapr1:amd64 (1.5.2-5) ...
Jul 16 12:06:22 apache2 startup-script: INFO startup-script: Selecting previously unselected package libaprutil1:amd64.
Jul 16 12:06:22 apache2 startup-script: INFO startup-script: Preparing to unpack .../04-libaprutil1_1.5.4-3_amd64.deb ...
Jul 16 12:06:22 apache2 startup-script: INFO startup-script: Unpacking libaprutil1:amd64 (1.5.4-3) ...
Jul 16 12:06:22 apache2 startup-script: INFO startup-script: Selecting previously unselected package libaprutil1-dbd-sqlite3:amd64.
Jul 16 12:06:22 apache2 startup-script: INFO startup-script: Preparing to unpack .../05-libaprutil1-dbd-sqlite3_1.5.4-3_amd64.deb ...
Jul 16 12:06:22 apache2 startup-script: INFO startup-script: Unpacking libaprutil1-dbd-sqlite3:amd64 (1.5.4-3) ...
Jul 16 12:06:22 apache2 startup-script: INFO startup-script: Selecting previously unselected package libaprutil1-ldap:amd64.
Jul 16 12:06:22 apache2 startup-script: INFO startup-script: Preparing to unpack .../06-libaprutil1-ldap_1.5.4-3_amd64.deb ...
Jul 16 12:06:22 apache2 startup-script: INFO startup-script: Unpacking libaprutil1-ldap:amd64 (1.5.4-3) ...
Jul 16 12:06:22 apache2 startup-script: INFO startup-script: Selecting previously unselected package liblua5.2-0:amd64.
Jul 16 12:06:22 apache2 startup-script: INFO startup-script: Preparing to unpack .../07-liblua5.2-0_5.2.4-1.1+b2_amd64.deb ...
Jul 16 12:06:22 apache2 startup-script: INFO startup-script: Unpacking liblua5.2-0:amd64 (5.2.4-1.1+b2) ...
Jul 16 12:06:22 apache2 startup-script: INFO startup-script: Selecting previously unselected package libicu57:amd64.
Jul 16 12:06:22 apache2 startup-script: INFO startup-script: Preparing to unpack .../08-libicu57_57.1-6+deb9u2_amd64.deb ...
Jul 16 12:06:22 apache2 startup-script: INFO startup-script: Unpacking libicu57:amd64 (57.1-6+deb9u2) ...
Jul 16 12:06:23 apache2 startup-script: INFO startup-script: Selecting previously unselected package libxml2:amd64.
Jul 16 12:06:23 apache2 startup-script: INFO startup-script: Preparing to unpack .../09-libxml2_2.9.4+dfsg1-2.2+deb9u2_amd64.deb ...
Jul 16 12:06:23 apache2 startup-script: INFO startup-script: Unpacking libxml2:amd64 (2.9.4+dfsg1-2.2+deb9u2) ...
Jul 16 12:06:23 apache2 startup-script: INFO startup-script: Selecting previously unselected package apache2-bin.
Jul 16 12:06:23 apache2 startup-script: INFO startup-script: Preparing to unpack .../10-apache2-bin_2.4.25-3+deb9u7_amd64.deb ...
Jul 16 12:06:23 apache2 startup-script: INFO startup-script: Unpacking apache2-bin (2.4.25-3+deb9u7) ...
Jul 16 12:06:24 apache2 startup-script: INFO startup-script: Selecting previously unselected package apache2-utils.
Jul 16 12:06:24 apache2 startup-script: INFO startup-script: Preparing to unpack .../11-apache2-utils_2.4.25-3+deb9u7_amd64.deb ...
Jul 16 12:06:24 apache2 startup-script: INFO startup-script: Unpacking apache2-utils (2.4.25-3+deb9u7) ...
Jul 16 12:06:24 apache2 startup-script: INFO startup-script: Selecting previously unselected package apache2-data.
Jul 16 12:06:24 apache2 startup-script: INFO startup-script: Preparing to unpack .../12-apache2-data_2.4.25-3+deb9u7_all.deb ...
Jul 16 12:06:24 apache2 startup-script: INFO startup-script: Unpacking apache2-data (2.4.25-3+deb9u7) ...
Jul 16 12:06:24 apache2 startup-script: INFO startup-script: Selecting previously unselected package apache2.
Jul 16 12:06:24 apache2 startup-script: INFO startup-script: Preparing to unpack .../13-apache2_2.4.25-3+deb9u7_amd64.deb ...
Jul 16 12:06:24 apache2 startup-script: INFO startup-script: Unpacking apache2 (2.4.25-3+deb9u7) ...
Jul 16 12:06:24 apache2 startup-script: INFO startup-script: Selecting previously unselected package sgml-base.
Jul 16 12:06:24 apache2 startup-script: INFO startup-script: Preparing to unpack .../14-sgml-base_1.29_all.deb ...
Jul 16 12:06:24 apache2 startup-script: INFO startup-script: Unpacking sgml-base (1.29) ...
Jul 16 12:06:24 apache2 startup-script: INFO startup-script: Selecting previously unselected package rename.
Jul 16 12:06:24 apache2 startup-script: INFO startup-script: Preparing to unpack .../15-rename_0.20-4_all.deb ...
Jul 16 12:06:24 apache2 startup-script: INFO startup-script: Unpacking rename (0.20-4) ...
Jul 16 12:06:24 apache2 startup-script: INFO startup-script: Selecting previously unselected package ssl-cert.
Jul 16 12:06:24 apache2 startup-script: INFO startup-script: Preparing to unpack .../16-ssl-cert_1.0.39_all.deb ...
Jul 16 12:06:24 apache2 startup-script: INFO startup-script: Unpacking ssl-cert (1.0.39) ...
Jul 16 12:06:24 apache2 startup-script: INFO startup-script: Selecting previously unselected package xml-core.
Jul 16 12:06:24 apache2 startup-script: INFO startup-script: Preparing to unpack .../17-xml-core_0.17_all.deb ...
Jul 16 12:06:24 apache2 startup-script: INFO startup-script: Unpacking xml-core (0.17) ...
Jul 16 12:06:24 apache2 startup-script: INFO startup-script: Setting up libapr1:amd64 (1.5.2-5) ...
Jul 16 12:06:24 apache2 startup-script: INFO startup-script: Setting up perl-modules-5.24 (5.24.1-3+deb9u5) ...
Jul 16 12:06:24 apache2 startup-script: INFO startup-script: Setting up libperl5.24:amd64 (5.24.1-3+deb9u5) ...
Jul 16 12:06:24 apache2 startup-script: INFO startup-script: Setting up apache2-data (2.4.25-3+deb9u7) ...
Jul 16 12:06:24 apache2 startup-script: INFO startup-script: Setting up ssl-cert (1.0.39) ...
Jul 16 12:06:24 apache2 startup-script: INFO startup-script: debconf: unable to initialize frontend: Dialog
Jul 16 12:06:24 apache2 startup-script: INFO startup-script: debconf: (TERM is not set, so the dialog frontend is not usable.)
Jul 16 12:06:24 apache2 startup-script: INFO startup-script: debconf: falling back to frontend: Readline
Jul 16 12:06:24 apache2 startup-script: INFO startup-script: Setting up sgml-base (1.29) ...
Jul 16 12:06:24 apache2 startup-script: INFO startup-script: Setting up libicu57:amd64 (57.1-6+deb9u2) ...
Jul 16 12:06:25 apache2 startup-script: INFO startup-script: Setting up libxml2:amd64 (2.9.4+dfsg1-2.2+deb9u2) ...
Jul 16 12:06:25 apache2 startup-script: INFO startup-script: Setting up perl (5.24.1-3+deb9u5) ...
Jul 16 12:06:25 apache2 startup-script: INFO startup-script: update-alternatives: using /usr/bin/prename to provide /usr/bin/rename (rename) in auto mode
Jul 16 12:06:25 apache2 startup-script: INFO startup-script: Processing triggers for libc-bin (2.24-11+deb9u4) ...
Jul 16 12:06:25 apache2 startup-script: INFO startup-script: Setting up libaprutil1:amd64 (1.5.4-3) ...
Jul 16 12:06:25 apache2 startup-script: INFO startup-script: Processing triggers for systemd (232-25+deb9u11) ...
Jul 16 12:06:25 apache2 systemd[1]: Reloading.
Jul 16 12:06:25 apache2 systemd[1]: apt-daily.timer: Adding 1h 31min 32.082335s random time.
Jul 16 12:06:25 apache2 systemd[1]: apt-daily-upgrade.timer: Adding 29min 9.544300s random time.
Jul 16 12:06:25 apache2 startup-script: INFO startup-script: Processing triggers for man-db (2.7.6.1-2) ...
Jul 16 12:06:25 apache2 startup-script: INFO startup-script: Setting up liblua5.2-0:amd64 (5.2.4-1.1+b2) ...
Jul 16 12:06:25 apache2 startup-script: INFO startup-script: Setting up xml-core (0.17) ...
